<?xml version="1.0" encoding="ISO-8859-1" ?>
<link_info>
   <banner>TI ARM Linker PC v20.2.6.LTS</banner>
   <copyright>Copyright (c) 1996-2018 Texas Instruments Incorporated</copyright>
   <link_time>0x65545165</link_time>
   <link_errors>0x0</link_errors>
   <output_file>LineTracerProject.out</output_file>
   <entry_point>
      <name>_c_int00_noargs</name>
      <address>0x350d</address>
   </entry_point>
   <input_file_list>
      <input_file id="fl-2">
         <path>.\</path>
         <kind>object</kind>
         <file>Clock.obj</file>
         <name>Clock.obj</name>
      </input_file>
      <input_file id="fl-3">
         <path>.\</path>
         <kind>object</kind>
         <file>main.obj</file>
         <name>main.obj</name>
      </input_file>
      <input_file id="fl-4">
         <path>.\</path>
         <kind>object</kind>
         <file>startup_msp432p401r_ccs.obj</file>
         <name>startup_msp432p401r_ccs.obj</name>
      </input_file>
      <input_file id="fl-5">
         <path>.\</path>
         <kind>object</kind>
         <file>system_msp432p401r.obj</file>
         <name>system_msp432p401r.obj</name>
      </input_file>
      <input_file id="fl-9">
         <kind>object</kind>
         <file>&lt;internal&gt;</file>
         <name>&lt;internal&gt;</name>
      </input_file>
      <input_file id="fl-bf">
         <path>C:\Users\dongyon\ti\ccs1200\ccs\tools\compiler\ti-cgt-arm_20.2.6.LTS\lib\</path>
         <kind>archive</kind>
         <file>rtsv7M4_T_le_v4SPD16_eabi.lib</file>
         <name>printf.c.obj</name>
      </input_file>
      <input_file id="fl-c0">
         <path>C:\Users\dongyon\ti\ccs1200\ccs\tools\compiler\ti-cgt-arm_20.2.6.LTS\lib\</path>
         <kind>archive</kind>
         <file>rtsv7M4_T_le_v4SPD16_eabi.lib</file>
         <name>_printfi.c.obj</name>
      </input_file>
      <input_file id="fl-c1">
         <path>C:\Users\dongyon\ti\ccs1200\ccs\tools\compiler\ti-cgt-arm_20.2.6.LTS\lib\</path>
         <kind>archive</kind>
         <file>rtsv7M4_T_le_v4SPD16_eabi.lib</file>
         <name>fputc.c.obj</name>
      </input_file>
      <input_file id="fl-c2">
         <path>C:\Users\dongyon\ti\ccs1200\ccs\tools\compiler\ti-cgt-arm_20.2.6.LTS\lib\</path>
         <kind>archive</kind>
         <file>rtsv7M4_T_le_v4SPD16_eabi.lib</file>
         <name>fputs.c.obj</name>
      </input_file>
      <input_file id="fl-c3">
         <path>C:\Users\dongyon\ti\ccs1200\ccs\tools\compiler\ti-cgt-arm_20.2.6.LTS\lib\</path>
         <kind>archive</kind>
         <file>rtsv7M4_T_le_v4SPD16_eabi.lib</file>
         <name>_io_perm.c.obj</name>
      </input_file>
      <input_file id="fl-c4">
         <path>C:\Users\dongyon\ti\ccs1200\ccs\tools\compiler\ti-cgt-arm_20.2.6.LTS\lib\</path>
         <kind>archive</kind>
         <file>rtsv7M4_T_le_v4SPD16_eabi.lib</file>
         <name>setvbuf.c.obj</name>
      </input_file>
      <input_file id="fl-c5">
         <path>C:\Users\dongyon\ti\ccs1200\ccs\tools\compiler\ti-cgt-arm_20.2.6.LTS\lib\</path>
         <kind>archive</kind>
         <file>rtsv7M4_T_le_v4SPD16_eabi.lib</file>
         <name>fd_add_t2.asm.obj</name>
      </input_file>
      <input_file id="fl-c6">
         <path>C:\Users\dongyon\ti\ccs1200\ccs\tools\compiler\ti-cgt-arm_20.2.6.LTS\lib\</path>
         <kind>archive</kind>
         <file>rtsv7M4_T_le_v4SPD16_eabi.lib</file>
         <name>fd_cmp_t2.asm.obj</name>
      </input_file>
      <input_file id="fl-c7">
         <path>C:\Users\dongyon\ti\ccs1200\ccs\tools\compiler\ti-cgt-arm_20.2.6.LTS\lib\</path>
         <kind>archive</kind>
         <file>rtsv7M4_T_le_v4SPD16_eabi.lib</file>
         <name>fd_div_t2.asm.obj</name>
      </input_file>
      <input_file id="fl-c8">
         <path>C:\Users\dongyon\ti\ccs1200\ccs\tools\compiler\ti-cgt-arm_20.2.6.LTS\lib\</path>
         <kind>archive</kind>
         <file>rtsv7M4_T_le_v4SPD16_eabi.lib</file>
         <name>fd_mul_t2.asm.obj</name>
      </input_file>
      <input_file id="fl-c9">
         <path>C:\Users\dongyon\ti\ccs1200\ccs\tools\compiler\ti-cgt-arm_20.2.6.LTS\lib\</path>
         <kind>archive</kind>
         <file>rtsv7M4_T_le_v4SPD16_eabi.lib</file>
         <name>fd_toi_t2.asm.obj</name>
      </input_file>
      <input_file id="fl-ca">
         <path>C:\Users\dongyon\ti\ccs1200\ccs\tools\compiler\ti-cgt-arm_20.2.6.LTS\lib\</path>
         <kind>archive</kind>
         <file>rtsv7M4_T_le_v4SPD16_eabi.lib</file>
         <name>i_tofd_t2.asm.obj</name>
      </input_file>
      <input_file id="fl-cb">
         <path>C:\Users\dongyon\ti\ccs1200\ccs\tools\compiler\ti-cgt-arm_20.2.6.LTS\lib\</path>
         <kind>archive</kind>
         <file>rtsv7M4_T_le_v4SPD16_eabi.lib</file>
         <name>memcpy_t2.asm.obj</name>
      </input_file>
      <input_file id="fl-cc">
         <path>C:\Users\dongyon\ti\ccs1200\ccs\tools\compiler\ti-cgt-arm_20.2.6.LTS\lib\</path>
         <kind>archive</kind>
         <file>rtsv7M4_T_le_v4SPD16_eabi.lib</file>
         <name>memset_t2.asm.obj</name>
      </input_file>
      <input_file id="fl-cd">
         <path>C:\Users\dongyon\ti\ccs1200\ccs\tools\compiler\ti-cgt-arm_20.2.6.LTS\lib\</path>
         <kind>archive</kind>
         <file>rtsv7M4_T_le_v4SPD16_eabi.lib</file>
         <name>ull_div_t2.asm.obj</name>
      </input_file>
      <input_file id="fl-ce">
         <path>C:\Users\dongyon\ti\ccs1200\ccs\tools\compiler\ti-cgt-arm_20.2.6.LTS\lib\</path>
         <kind>archive</kind>
         <file>rtsv7M4_T_le_v4SPD16_eabi.lib</file>
         <name>copy_zero_init.c.obj</name>
      </input_file>
      <input_file id="fl-cf">
         <path>C:\Users\dongyon\ti\ccs1200\ccs\tools\compiler\ti-cgt-arm_20.2.6.LTS\lib\</path>
         <kind>archive</kind>
         <file>rtsv7M4_T_le_v4SPD16_eabi.lib</file>
         <name>copy_decompress_none.c.obj</name>
      </input_file>
      <input_file id="fl-d0">
         <path>C:\Users\dongyon\ti\ccs1200\ccs\tools\compiler\ti-cgt-arm_20.2.6.LTS\lib\</path>
         <kind>archive</kind>
         <file>rtsv7M4_T_le_v4SPD16_eabi.lib</file>
         <name>copy_decompress_lzss.c.obj</name>
      </input_file>
      <input_file id="fl-d1">
         <path>C:\Users\dongyon\ti\ccs1200\ccs\tools\compiler\ti-cgt-arm_20.2.6.LTS\lib\</path>
         <kind>archive</kind>
         <file>rtsv7M4_T_le_v4SPD16_eabi.lib</file>
         <name>exit.c.obj</name>
      </input_file>
      <input_file id="fl-d2">
         <path>C:\Users\dongyon\ti\ccs1200\ccs\tools\compiler\ti-cgt-arm_20.2.6.LTS\lib\</path>
         <kind>archive</kind>
         <file>rtsv7M4_T_le_v4SPD16_eabi.lib</file>
         <name>_lock.c.obj</name>
      </input_file>
      <input_file id="fl-d3">
         <path>C:\Users\dongyon\ti\ccs1200\ccs\tools\compiler\ti-cgt-arm_20.2.6.LTS\lib\</path>
         <kind>archive</kind>
         <file>rtsv7M4_T_le_v4SPD16_eabi.lib</file>
         <name>_ltoa.c.obj</name>
      </input_file>
      <input_file id="fl-d4">
         <path>C:\Users\dongyon\ti\ccs1200\ccs\tools\compiler\ti-cgt-arm_20.2.6.LTS\lib\</path>
         <kind>archive</kind>
         <file>rtsv7M4_T_le_v4SPD16_eabi.lib</file>
         <name>atoi.c.obj</name>
      </input_file>
      <input_file id="fl-d5">
         <path>C:\Users\dongyon\ti\ccs1200\ccs\tools\compiler\ti-cgt-arm_20.2.6.LTS\lib\</path>
         <kind>archive</kind>
         <file>rtsv7M4_T_le_v4SPD16_eabi.lib</file>
         <name>ctype.c.obj</name>
      </input_file>
      <input_file id="fl-d6">
         <path>C:\Users\dongyon\ti\ccs1200\ccs\tools\compiler\ti-cgt-arm_20.2.6.LTS\lib\</path>
         <kind>archive</kind>
         <file>rtsv7M4_T_le_v4SPD16_eabi.lib</file>
         <name>defs.c.obj</name>
      </input_file>
      <input_file id="fl-d7">
         <path>C:\Users\dongyon\ti\ccs1200\ccs\tools\compiler\ti-cgt-arm_20.2.6.LTS\lib\</path>
         <kind>archive</kind>
         <file>rtsv7M4_T_le_v4SPD16_eabi.lib</file>
         <name>memccpy.c.obj</name>
      </input_file>
      <input_file id="fl-d8">
         <path>C:\Users\dongyon\ti\ccs1200\ccs\tools\compiler\ti-cgt-arm_20.2.6.LTS\lib\</path>
         <kind>archive</kind>
         <file>rtsv7M4_T_le_v4SPD16_eabi.lib</file>
         <name>memchr.c.obj</name>
      </input_file>
      <input_file id="fl-d9">
         <path>C:\Users\dongyon\ti\ccs1200\ccs\tools\compiler\ti-cgt-arm_20.2.6.LTS\lib\</path>
         <kind>archive</kind>
         <file>rtsv7M4_T_le_v4SPD16_eabi.lib</file>
         <name>memory.c.obj</name>
      </input_file>
      <input_file id="fl-da">
         <path>C:\Users\dongyon\ti\ccs1200\ccs\tools\compiler\ti-cgt-arm_20.2.6.LTS\lib\</path>
         <kind>archive</kind>
         <file>rtsv7M4_T_le_v4SPD16_eabi.lib</file>
         <name>strchr.c.obj</name>
      </input_file>
      <input_file id="fl-db">
         <path>C:\Users\dongyon\ti\ccs1200\ccs\tools\compiler\ti-cgt-arm_20.2.6.LTS\lib\</path>
         <kind>archive</kind>
         <file>rtsv7M4_T_le_v4SPD16_eabi.lib</file>
         <name>strlen.c.obj</name>
      </input_file>
      <input_file id="fl-dc">
         <path>C:\Users\dongyon\ti\ccs1200\ccs\tools\compiler\ti-cgt-arm_20.2.6.LTS\lib\</path>
         <kind>archive</kind>
         <file>rtsv7M4_T_le_v4SPD16_eabi.lib</file>
         <name>write.c.obj</name>
      </input_file>
      <input_file id="fl-dd">
         <path>C:\Users\dongyon\ti\ccs1200\ccs\tools\compiler\ti-cgt-arm_20.2.6.LTS\lib\</path>
         <kind>archive</kind>
         <file>rtsv7M4_T_le_v4SPD16_eabi.lib</file>
         <name>host_device.c.obj</name>
      </input_file>
      <input_file id="fl-de">
         <path>C:\Users\dongyon\ti\ccs1200\ccs\tools\compiler\ti-cgt-arm_20.2.6.LTS\lib\</path>
         <kind>archive</kind>
         <file>rtsv7M4_T_le_v4SPD16_eabi.lib</file>
         <name>errno.c.obj</name>
      </input_file>
      <input_file id="fl-df">
         <path>C:\Users\dongyon\ti\ccs1200\ccs\tools\compiler\ti-cgt-arm_20.2.6.LTS\lib\</path>
         <kind>archive</kind>
         <file>rtsv7M4_T_le_v4SPD16_eabi.lib</file>
         <name>boot_cortex_m.c.obj</name>
      </input_file>
      <input_file id="fl-e0">
         <path>C:\Users\dongyon\ti\ccs1200\ccs\tools\compiler\ti-cgt-arm_20.2.6.LTS\lib\</path>
         <kind>archive</kind>
         <file>rtsv7M4_T_le_v4SPD16_eabi.lib</file>
         <name>s_frexp.c.obj</name>
      </input_file>
      <input_file id="fl-e1">
         <path>C:\Users\dongyon\ti\ccs1200\ccs\tools\compiler\ti-cgt-arm_20.2.6.LTS\lib\</path>
         <kind>archive</kind>
         <file>rtsv7M4_T_le_v4SPD16_eabi.lib</file>
         <name>s_scalbn.c.obj</name>
      </input_file>
      <input_file id="fl-e2">
         <path>C:\Users\dongyon\ti\ccs1200\ccs\tools\compiler\ti-cgt-arm_20.2.6.LTS\lib\</path>
         <kind>archive</kind>
         <file>rtsv7M4_T_le_v4SPD16_eabi.lib</file>
         <name>s_copysign.c.obj</name>
      </input_file>
      <input_file id="fl-e3">
         <path>C:\Users\dongyon\ti\ccs1200\ccs\tools\compiler\ti-cgt-arm_20.2.6.LTS\lib\</path>
         <kind>archive</kind>
         <file>rtsv7M4_T_le_v4SPD16_eabi.lib</file>
         <name>wcslen.c.obj</name>
      </input_file>
      <input_file id="fl-e4">
         <path>C:\Users\dongyon\ti\ccs1200\ccs\tools\compiler\ti-cgt-arm_20.2.6.LTS\lib\</path>
         <kind>archive</kind>
         <file>rtsv7M4_T_le_v4SPD16_eabi.lib</file>
         <name>fflush.c.obj</name>
      </input_file>
      <input_file id="fl-e5">
         <path>C:\Users\dongyon\ti\ccs1200\ccs\tools\compiler\ti-cgt-arm_20.2.6.LTS\lib\</path>
         <kind>archive</kind>
         <file>rtsv7M4_T_le_v4SPD16_eabi.lib</file>
         <name>fopen.c.obj</name>
      </input_file>
      <input_file id="fl-e6">
         <path>C:\Users\dongyon\ti\ccs1200\ccs\tools\compiler\ti-cgt-arm_20.2.6.LTS\lib\</path>
         <kind>archive</kind>
         <file>rtsv7M4_T_le_v4SPD16_eabi.lib</file>
         <name>fseek.c.obj</name>
      </input_file>
      <input_file id="fl-e7">
         <path>C:\Users\dongyon\ti\ccs1200\ccs\tools\compiler\ti-cgt-arm_20.2.6.LTS\lib\</path>
         <kind>archive</kind>
         <file>rtsv7M4_T_le_v4SPD16_eabi.lib</file>
         <name>div0.asm.obj</name>
      </input_file>
      <input_file id="fl-e8">
         <path>C:\Users\dongyon\ti\ccs1200\ccs\tools\compiler\ti-cgt-arm_20.2.6.LTS\lib\</path>
         <kind>archive</kind>
         <file>rtsv7M4_T_le_v4SPD16_eabi.lib</file>
         <name>autoinit.c.obj</name>
      </input_file>
      <input_file id="fl-e9">
         <path>C:\Users\dongyon\ti\ccs1200\ccs\tools\compiler\ti-cgt-arm_20.2.6.LTS\lib\</path>
         <kind>archive</kind>
         <file>rtsv7M4_T_le_v4SPD16_eabi.lib</file>
         <name>pre_init.c.obj</name>
      </input_file>
      <input_file id="fl-ea">
         <path>C:\Users\dongyon\ti\ccs1200\ccs\tools\compiler\ti-cgt-arm_20.2.6.LTS\lib\</path>
         <kind>archive</kind>
         <file>rtsv7M4_T_le_v4SPD16_eabi.lib</file>
         <name>cpy_tbl.c.obj</name>
      </input_file>
      <input_file id="fl-eb">
         <path>C:\Users\dongyon\ti\ccs1200\ccs\tools\compiler\ti-cgt-arm_20.2.6.LTS\lib\</path>
         <kind>archive</kind>
         <file>rtsv7M4_T_le_v4SPD16_eabi.lib</file>
         <name>args_main.c.obj</name>
      </input_file>
      <input_file id="fl-ec">
         <path>C:\Users\dongyon\ti\ccs1200\ccs\tools\compiler\ti-cgt-arm_20.2.6.LTS\lib\</path>
         <kind>archive</kind>
         <file>rtsv7M4_T_le_v4SPD16_eabi.lib</file>
         <name>hostclose.c.obj</name>
      </input_file>
      <input_file id="fl-ed">
         <path>C:\Users\dongyon\ti\ccs1200\ccs\tools\compiler\ti-cgt-arm_20.2.6.LTS\lib\</path>
         <kind>archive</kind>
         <file>rtsv7M4_T_le_v4SPD16_eabi.lib</file>
         <name>hostlseek.c.obj</name>
      </input_file>
      <input_file id="fl-ee">
         <path>C:\Users\dongyon\ti\ccs1200\ccs\tools\compiler\ti-cgt-arm_20.2.6.LTS\lib\</path>
         <kind>archive</kind>
         <file>rtsv7M4_T_le_v4SPD16_eabi.lib</file>
         <name>hostopen.c.obj</name>
      </input_file>
      <input_file id="fl-ef">
         <path>C:\Users\dongyon\ti\ccs1200\ccs\tools\compiler\ti-cgt-arm_20.2.6.LTS\lib\</path>
         <kind>archive</kind>
         <file>rtsv7M4_T_le_v4SPD16_eabi.lib</file>
         <name>hostread.c.obj</name>
      </input_file>
      <input_file id="fl-f0">
         <path>C:\Users\dongyon\ti\ccs1200\ccs\tools\compiler\ti-cgt-arm_20.2.6.LTS\lib\</path>
         <kind>archive</kind>
         <file>rtsv7M4_T_le_v4SPD16_eabi.lib</file>
         <name>hostrename.c.obj</name>
      </input_file>
      <input_file id="fl-f1">
         <path>C:\Users\dongyon\ti\ccs1200\ccs\tools\compiler\ti-cgt-arm_20.2.6.LTS\lib\</path>
         <kind>archive</kind>
         <file>rtsv7M4_T_le_v4SPD16_eabi.lib</file>
         <name>hostunlink.c.obj</name>
      </input_file>
      <input_file id="fl-f2">
         <path>C:\Users\dongyon\ti\ccs1200\ccs\tools\compiler\ti-cgt-arm_20.2.6.LTS\lib\</path>
         <kind>archive</kind>
         <file>rtsv7M4_T_le_v4SPD16_eabi.lib</file>
         <name>hostwrite.c.obj</name>
      </input_file>
      <input_file id="fl-f3">
         <path>C:\Users\dongyon\ti\ccs1200\ccs\tools\compiler\ti-cgt-arm_20.2.6.LTS\lib\</path>
         <kind>archive</kind>
         <file>rtsv7M4_T_le_v4SPD16_eabi.lib</file>
         <name>trgmsg.c.obj</name>
      </input_file>
      <input_file id="fl-f4">
         <path>C:\Users\dongyon\ti\ccs1200\ccs\tools\compiler\ti-cgt-arm_20.2.6.LTS\lib\</path>
         <kind>archive</kind>
         <file>rtsv7M4_T_le_v4SPD16_eabi.lib</file>
         <name>open.c.obj</name>
      </input_file>
      <input_file id="fl-f5">
         <path>C:\Users\dongyon\ti\ccs1200\ccs\tools\compiler\ti-cgt-arm_20.2.6.LTS\lib\</path>
         <kind>archive</kind>
         <file>rtsv7M4_T_le_v4SPD16_eabi.lib</file>
         <name>lseek.c.obj</name>
      </input_file>
      <input_file id="fl-f6">
         <path>C:\Users\dongyon\ti\ccs1200\ccs\tools\compiler\ti-cgt-arm_20.2.6.LTS\lib\</path>
         <kind>archive</kind>
         <file>rtsv7M4_T_le_v4SPD16_eabi.lib</file>
         <name>fclose.c.obj</name>
      </input_file>
      <input_file id="fl-f7">
         <path>C:\Users\dongyon\ti\ccs1200\ccs\tools\compiler\ti-cgt-arm_20.2.6.LTS\lib\</path>
         <kind>archive</kind>
         <file>rtsv7M4_T_le_v4SPD16_eabi.lib</file>
         <name>getdevice.c.obj</name>
      </input_file>
      <input_file id="fl-f8">
         <path>C:\Users\dongyon\ti\ccs1200\ccs\tools\compiler\ti-cgt-arm_20.2.6.LTS\lib\</path>
         <kind>archive</kind>
         <file>rtsv7M4_T_le_v4SPD16_eabi.lib</file>
         <name>strcmp.c.obj</name>
      </input_file>
      <input_file id="fl-f9">
         <path>C:\Users\dongyon\ti\ccs1200\ccs\tools\compiler\ti-cgt-arm_20.2.6.LTS\lib\</path>
         <kind>archive</kind>
         <file>rtsv7M4_T_le_v4SPD16_eabi.lib</file>
         <name>strcpy.c.obj</name>
      </input_file>
      <input_file id="fl-fa">
         <path>C:\Users\dongyon\ti\ccs1200\ccs\tools\compiler\ti-cgt-arm_20.2.6.LTS\lib\</path>
         <kind>archive</kind>
         <file>rtsv7M4_T_le_v4SPD16_eabi.lib</file>
         <name>strncpy.c.obj</name>
      </input_file>
      <input_file id="fl-fb">
         <path>C:\Users\dongyon\ti\ccs1200\ccs\tools\compiler\ti-cgt-arm_20.2.6.LTS\lib\</path>
         <kind>archive</kind>
         <file>rtsv7M4_T_le_v4SPD16_eabi.lib</file>
         <name>remove.c.obj</name>
      </input_file>
      <input_file id="fl-fc">
         <path>C:\Users\dongyon\ti\ccs1200\ccs\tools\compiler\ti-cgt-arm_20.2.6.LTS\lib\</path>
         <kind>archive</kind>
         <file>rtsv7M4_T_le_v4SPD16_eabi.lib</file>
         <name>close.c.obj</name>
      </input_file>
      <input_file id="fl-fd">
         <path>C:\Users\dongyon\ti\ccs1200\ccs\tools\compiler\ti-cgt-arm_20.2.6.LTS\lib\</path>
         <kind>archive</kind>
         <file>rtsv7M4_T_le_v4SPD16_eabi.lib</file>
         <name>unlink.c.obj</name>
      </input_file>
   </input_file_list>
   <object_component_list>
      <object_component id="oc-26">
         <name>.intvecs:retain</name>
         <load_address>0x0</load_address>
         <run_address>0x0</run_address>
         <size>0xe4</size>
         <input_file_ref idref="fl-4"/>
      </object_component>
      <object_component id="oc-136">
         <name>.text:__TI_printfi</name>
         <load_address>0xe4</load_address>
         <run_address>0xe4</run_address>
         <size>0xa4e</size>
         <input_file_ref idref="fl-c0"/>
      </object_component>
      <object_component id="oc-1d5">
         <name>.text:_nop</name>
         <load_address>0xb32</load_address>
         <run_address>0xb32</run_address>
         <size>0x2</size>
         <input_file_ref idref="fl-d2"/>
      </object_component>
      <object_component id="oc-70">
         <name>.text</name>
         <load_address>0xb34</load_address>
         <run_address>0xb34</run_address>
         <size>0x780</size>
         <input_file_ref idref="fl-3"/>
      </object_component>
      <object_component id="oc-ac">
         <name>.text</name>
         <load_address>0x12b4</load_address>
         <run_address>0x12b4</run_address>
         <size>0x334</size>
         <input_file_ref idref="fl-5"/>
      </object_component>
      <object_component id="oc-1b1">
         <name>.text:_pconv_a</name>
         <load_address>0x15e8</load_address>
         <run_address>0x15e8</run_address>
         <size>0x270</size>
         <input_file_ref idref="fl-c0"/>
      </object_component>
      <object_component id="oc-b3">
         <name>.text</name>
         <load_address>0x1858</load_address>
         <run_address>0x1858</run_address>
         <size>0x1e0</size>
         <input_file_ref idref="fl-2"/>
      </object_component>
      <object_component id="oc-19f">
         <name>.text:_pconv_g</name>
         <load_address>0x1a38</load_address>
         <run_address>0x1a38</run_address>
         <size>0x1d0</size>
         <input_file_ref idref="fl-c0"/>
      </object_component>
      <object_component id="oc-243">
         <name>.text</name>
         <load_address>0x1c08</load_address>
         <run_address>0x1c08</run_address>
         <size>0x1b6</size>
         <input_file_ref idref="fl-c5"/>
      </object_component>
      <object_component id="oc-2c9">
         <name>.text</name>
         <load_address>0x1dbe</load_address>
         <run_address>0x1dbe</run_address>
         <size>0x2</size>
         <input_file_ref idref="fl-e7"/>
      </object_component>
      <object_component id="oc-1ab">
         <name>.text:_pconv_e</name>
         <load_address>0x1dc0</load_address>
         <run_address>0x1dc0</run_address>
         <size>0x13c</size>
         <input_file_ref idref="fl-c0"/>
      </object_component>
      <object_component id="oc-229">
         <name>.text</name>
         <load_address>0x1efc</load_address>
         <run_address>0x1efc</run_address>
         <size>0x136</size>
         <input_file_ref idref="fl-c7"/>
      </object_component>
      <object_component id="oc-255">
         <name>.text:fcvt</name>
         <load_address>0x2034</load_address>
         <run_address>0x2034</run_address>
         <size>0x124</size>
         <input_file_ref idref="fl-c0"/>
      </object_component>
      <object_component id="oc-1e3">
         <name>.text:fputs</name>
         <load_address>0x2158</load_address>
         <run_address>0x2158</run_address>
         <size>0x114</size>
         <input_file_ref idref="fl-c2"/>
      </object_component>
      <object_component id="oc-269">
         <name>.text:scalbn</name>
         <load_address>0x226c</load_address>
         <run_address>0x226c</run_address>
         <size>0x110</size>
         <input_file_ref idref="fl-e1"/>
      </object_component>
      <object_component id="oc-374">
         <name>.text:aligned_alloc</name>
         <load_address>0x237c</load_address>
         <run_address>0x237c</run_address>
         <size>0x100</size>
         <input_file_ref idref="fl-d9"/>
      </object_component>
      <object_component id="oc-224">
         <name>.text</name>
         <load_address>0x247c</load_address>
         <run_address>0x247c</run_address>
         <size>0xfc</size>
         <input_file_ref idref="fl-c8"/>
      </object_component>
      <object_component id="oc-332">
         <name>.text:free</name>
         <load_address>0x2578</load_address>
         <run_address>0x2578</run_address>
         <size>0xe4</size>
         <input_file_ref idref="fl-d9"/>
      </object_component>
      <object_component id="oc-304">
         <name>.text:setvbuf</name>
         <load_address>0x265c</load_address>
         <run_address>0x265c</run_address>
         <size>0xdc</size>
         <input_file_ref idref="fl-c4"/>
      </object_component>
      <object_component id="oc-194">
         <name>.text:_ltostr</name>
         <load_address>0x2738</load_address>
         <run_address>0x2738</run_address>
         <size>0xb1</size>
         <input_file_ref idref="fl-c0"/>
      </object_component>
      <object_component id="oc-3a">
         <name>.text</name>
         <load_address>0x27ea</load_address>
         <run_address>0x27ea</run_address>
         <size>0x9c</size>
         <input_file_ref idref="fl-cb"/>
      </object_component>
      <object_component id="oc-21d">
         <name>.text</name>
         <load_address>0x2886</load_address>
         <run_address>0x2886</run_address>
         <size>0x96</size>
         <input_file_ref idref="fl-cd"/>
      </object_component>
      <object_component id="oc-1ea">
         <name>.text:fputc</name>
         <load_address>0x291c</load_address>
         <run_address>0x291c</run_address>
         <size>0x8c</size>
         <input_file_ref idref="fl-c1"/>
      </object_component>
      <object_component id="oc-19a">
         <name>.text:__aeabi_cdcmple</name>
         <load_address>0x29a8</load_address>
         <run_address>0x29a8</run_address>
         <size>0x86</size>
         <input_file_ref idref="fl-c6"/>
      </object_component>
      <object_component id="oc-22e">
         <name>.text:__aeabi_cdrcmple</name>
         <load_address>0x2a2e</load_address>
         <run_address>0x2a2e</run_address>
         <size>0x86</size>
         <input_file_ref idref="fl-c6"/>
      </object_component>
      <object_component id="oc-94">
         <name>.text</name>
         <load_address>0x2ab4</load_address>
         <run_address>0x2ab4</run_address>
         <size>0x7a</size>
         <input_file_ref idref="fl-cc"/>
      </object_component>
      <object_component id="oc-37b">
         <name>.text:__TI_closefile</name>
         <load_address>0x2b30</load_address>
         <run_address>0x2b30</run_address>
         <size>0x74</size>
         <input_file_ref idref="fl-f6"/>
      </object_component>
      <object_component id="oc-3bc">
         <name>.text:split</name>
         <load_address>0x2ba4</load_address>
         <run_address>0x2ba4</run_address>
         <size>0x70</size>
         <input_file_ref idref="fl-d9"/>
      </object_component>
      <object_component id="oc-24e">
         <name>.text:_mcpy</name>
         <load_address>0x2c14</load_address>
         <run_address>0x2c14</run_address>
         <size>0x6e</size>
         <input_file_ref idref="fl-c0"/>
      </object_component>
      <object_component id="oc-3ab">
         <name>.text:HOSTrename</name>
         <load_address>0x2c84</load_address>
         <run_address>0x2c84</run_address>
         <size>0x6c</size>
         <input_file_ref idref="fl-f0"/>
      </object_component>
      <object_component id="oc-39f">
         <name>.text:HOSTlseek</name>
         <load_address>0x2cf0</load_address>
         <run_address>0x2cf0</run_address>
         <size>0x68</size>
         <input_file_ref idref="fl-ed"/>
      </object_component>
      <object_component id="oc-17">
         <name>.text:decompress:lzss:__TI_decompress_lzss</name>
         <load_address>0x2d58</load_address>
         <run_address>0x2d58</run_address>
         <size>0x68</size>
         <input_file_ref idref="fl-d0"/>
      </object_component>
      <object_component id="oc-b9">
         <name>.text:printf</name>
         <load_address>0x2dc0</load_address>
         <run_address>0x2dc0</run_address>
         <size>0x68</size>
         <input_file_ref idref="fl-bf"/>
      </object_component>
      <object_component id="oc-263">
         <name>.text:frexp</name>
         <load_address>0x2e28</load_address>
         <run_address>0x2e28</run_address>
         <size>0x64</size>
         <input_file_ref idref="fl-e0"/>
      </object_component>
      <object_component id="oc-2fe">
         <name>.text:fseek</name>
         <load_address>0x2e8c</load_address>
         <run_address>0x2e8c</run_address>
         <size>0x64</size>
         <input_file_ref idref="fl-e6"/>
      </object_component>
      <object_component id="oc-29a">
         <name>.text:__TI_wrt_ok</name>
         <load_address>0x2ef0</load_address>
         <run_address>0x2ef0</run_address>
         <size>0x62</size>
         <input_file_ref idref="fl-c3"/>
      </object_component>
      <object_component id="oc-387">
         <name>.text:HOSTopen</name>
         <load_address>0x2f54</load_address>
         <run_address>0x2f54</run_address>
         <size>0x60</size>
         <input_file_ref idref="fl-ee"/>
      </object_component>
      <object_component id="oc-3c3">
         <name>.text:close</name>
         <load_address>0x2fb4</load_address>
         <run_address>0x2fb4</run_address>
         <size>0x5c</size>
         <input_file_ref idref="fl-fc"/>
      </object_component>
      <object_component id="oc-393">
         <name>.text:HOSTread</name>
         <load_address>0x3010</load_address>
         <run_address>0x3010</run_address>
         <size>0x58</size>
         <input_file_ref idref="fl-ef"/>
      </object_component>
      <object_component id="oc-399">
         <name>.text:HOSTwrite</name>
         <load_address>0x3068</load_address>
         <run_address>0x3068</run_address>
         <size>0x58</size>
         <input_file_ref idref="fl-f2"/>
      </object_component>
      <object_component id="oc-1a5">
         <name>.text:_pconv_f</name>
         <load_address>0x30c0</load_address>
         <run_address>0x30c0</run_address>
         <size>0x56</size>
         <input_file_ref idref="fl-c0"/>
      </object_component>
      <object_component id="oc-238">
         <name>.text:__TI_ltoa</name>
         <load_address>0x3116</load_address>
         <run_address>0x3116</run_address>
         <size>0x54</size>
         <input_file_ref idref="fl-d3"/>
      </object_component>
      <object_component id="oc-248">
         <name>.text:_ecpy</name>
         <load_address>0x316a</load_address>
         <run_address>0x316a</run_address>
         <size>0x52</size>
         <input_file_ref idref="fl-c0"/>
      </object_component>
      <object_component id="oc-2a6">
         <name>.text:__TI_doflush</name>
         <load_address>0x31bc</load_address>
         <run_address>0x31bc</run_address>
         <size>0x4c</size>
         <input_file_ref idref="fl-e4"/>
      </object_component>
      <object_component id="oc-18e">
         <name>.text:atoi</name>
         <load_address>0x3208</load_address>
         <run_address>0x3208</run_address>
         <size>0x4c</size>
         <input_file_ref idref="fl-d4"/>
      </object_component>
      <object_component id="oc-f6">
         <name>.text:exit</name>
         <load_address>0x3254</load_address>
         <run_address>0x3254</run_address>
         <size>0x48</size>
         <input_file_ref idref="fl-d1"/>
      </object_component>
      <object_component id="oc-233">
         <name>.text</name>
         <load_address>0x329c</load_address>
         <run_address>0x329c</run_address>
         <size>0x48</size>
         <input_file_ref idref="fl-c9"/>
      </object_component>
      <object_component id="oc-38d">
         <name>.text:HOSTclose</name>
         <load_address>0x32e4</load_address>
         <run_address>0x32e4</run_address>
         <size>0x44</size>
         <input_file_ref idref="fl-ec"/>
      </object_component>
      <object_component id="oc-3a5">
         <name>.text:HOSTunlink</name>
         <load_address>0x3328</load_address>
         <run_address>0x3328</run_address>
         <size>0x44</size>
         <input_file_ref idref="fl-f1"/>
      </object_component>
      <object_component id="oc-fc">
         <name>.text:__TI_auto_init_nobinit_nopinit:__TI_auto_init_nobinit_nopinit</name>
         <load_address>0x336c</load_address>
         <run_address>0x336c</run_address>
         <size>0x44</size>
         <input_file_ref idref="fl-e8"/>
      </object_component>
      <object_component id="oc-3fb">
         <name>.text:getdevice</name>
         <load_address>0x33b0</load_address>
         <run_address>0x33b0</run_address>
         <size>0x44</size>
         <input_file_ref idref="fl-f7"/>
      </object_component>
      <object_component id="oc-25b">
         <name>.text:_fcpy</name>
         <load_address>0x33f4</load_address>
         <run_address>0x33f4</run_address>
         <size>0x3e</size>
         <input_file_ref idref="fl-c0"/>
      </object_component>
      <object_component id="oc-3d4">
         <name>.text:__TI_writemsg</name>
         <load_address>0x3434</load_address>
         <run_address>0x3434</run_address>
         <size>0x38</size>
         <input_file_ref idref="fl-f3"/>
      </object_component>
      <object_component id="oc-41d">
         <name>.text:strncpy</name>
         <load_address>0x346c</load_address>
         <run_address>0x346c</run_address>
         <size>0x36</size>
         <input_file_ref idref="fl-fa"/>
      </object_component>
      <object_component id="oc-33e">
         <name>.text:__TI_cleanup</name>
         <load_address>0x34a4</load_address>
         <run_address>0x34a4</run_address>
         <size>0x34</size>
         <input_file_ref idref="fl-e5"/>
      </object_component>
      <object_component id="oc-3da">
         <name>.text:__TI_readmsg</name>
         <load_address>0x34d8</load_address>
         <run_address>0x34d8</run_address>
         <size>0x34</size>
         <input_file_ref idref="fl-f3"/>
      </object_component>
      <object_component id="oc-58">
         <name>.text:_c_int00_noargs:_c_int00_noargs</name>
         <load_address>0x350c</load_address>
         <run_address>0x350c</run_address>
         <size>0x34</size>
         <input_file_ref idref="fl-df"/>
      </object_component>
      <object_component id="oc-423">
         <name>.text:finddevice</name>
         <load_address>0x3540</load_address>
         <run_address>0x3540</run_address>
         <size>0x30</size>
         <input_file_ref idref="fl-f7"/>
      </object_component>
      <object_component id="oc-23e">
         <name>.text</name>
         <load_address>0x3570</load_address>
         <run_address>0x3570</run_address>
         <size>0x2e</size>
         <input_file_ref idref="fl-ca"/>
      </object_component>
      <object_component id="oc-3c9">
         <name>.text:unlink</name>
         <load_address>0x35a0</load_address>
         <run_address>0x35a0</run_address>
         <size>0x2c</size>
         <input_file_ref idref="fl-fd"/>
      </object_component>
      <object_component id="oc-36d">
         <name>.text:free_list_insert</name>
         <load_address>0x35cc</load_address>
         <run_address>0x35cc</run_address>
         <size>0x28</size>
         <input_file_ref idref="fl-d9"/>
      </object_component>
      <object_component id="oc-32a">
         <name>.text:lseek</name>
         <load_address>0x35f4</load_address>
         <run_address>0x35f4</run_address>
         <size>0x28</size>
         <input_file_ref idref="fl-f5"/>
      </object_component>
      <object_component id="oc-2ac">
         <name>.text:write</name>
         <load_address>0x361c</load_address>
         <run_address>0x361c</run_address>
         <size>0x28</size>
         <input_file_ref idref="fl-dc"/>
      </object_component>
      <object_component id="oc-2a0">
         <name>.text:memchr</name>
         <load_address>0x3644</load_address>
         <run_address>0x3644</run_address>
         <size>0x20</size>
         <input_file_ref idref="fl-d8"/>
      </object_component>
      <object_component id="oc-46">
         <name>.text:decompress:ZI:__TI_zero_init_nomemset:__TI_zero_init_nomemset</name>
         <load_address>0x3664</load_address>
         <run_address>0x3664</run_address>
         <size>0x1c</size>
         <input_file_ref idref="fl-ce"/>
      </object_component>
      <object_component id="oc-367">
         <name>.text:free_list_remove</name>
         <load_address>0x3680</load_address>
         <run_address>0x3680</run_address>
         <size>0x1c</size>
         <input_file_ref idref="fl-d9"/>
      </object_component>
      <object_component id="oc-1b7">
         <name>.text:memccpy</name>
         <load_address>0x369c</load_address>
         <run_address>0x369c</run_address>
         <size>0x1c</size>
         <input_file_ref idref="fl-d7"/>
      </object_component>
      <object_component id="oc-2e2">
         <name>.text:copysign</name>
         <load_address>0x36b8</load_address>
         <run_address>0x36b8</run_address>
         <size>0x1a</size>
         <input_file_ref idref="fl-e2"/>
      </object_component>
      <object_component id="oc-43a">
         <name>.text:strcmp</name>
         <load_address>0x36d2</load_address>
         <run_address>0x36d2</run_address>
         <size>0x18</size>
         <input_file_ref idref="fl-f8"/>
      </object_component>
      <object_component id="oc-26f">
         <name>.text:strchr</name>
         <load_address>0x36ea</load_address>
         <run_address>0x36ea</run_address>
         <size>0x16</size>
         <input_file_ref idref="fl-da"/>
      </object_component>
      <object_component id="oc-3ee">
         <name>.text:strcpy</name>
         <load_address>0x3700</load_address>
         <run_address>0x3700</run_address>
         <size>0x14</size>
         <input_file_ref idref="fl-f9"/>
      </object_component>
      <object_component id="oc-188">
         <name>.text:strlen</name>
         <load_address>0x3714</load_address>
         <run_address>0x3714</run_address>
         <size>0x14</size>
         <input_file_ref idref="fl-db"/>
      </object_component>
      <object_component id="oc-1bd">
         <name>.text:wcslen</name>
         <load_address>0x3728</load_address>
         <run_address>0x3728</run_address>
         <size>0x12</size>
         <input_file_ref idref="fl-e3"/>
      </object_component>
      <object_component id="oc-1d">
         <name>.text:decompress:none:__TI_decompress_none</name>
         <load_address>0x373a</load_address>
         <run_address>0x373a</run_address>
         <size>0xe</size>
         <input_file_ref idref="fl-cf"/>
      </object_component>
      <object_component id="oc-6a">
         <name>.text</name>
         <load_address>0x3748</load_address>
         <run_address>0x3748</run_address>
         <size>0xe</size>
         <input_file_ref idref="fl-4"/>
      </object_component>
      <object_component id="oc-1c3">
         <name>.text:__aeabi_errno_addr</name>
         <load_address>0x3758</load_address>
         <run_address>0x3758</run_address>
         <size>0x8</size>
         <input_file_ref idref="fl-de"/>
      </object_component>
      <object_component id="oc-338">
         <name>.text:malloc</name>
         <load_address>0x3760</load_address>
         <run_address>0x3760</run_address>
         <size>0x8</size>
         <input_file_ref idref="fl-d9"/>
      </object_component>
      <object_component id="oc-148">
         <name>.text:_outc</name>
         <load_address>0x3768</load_address>
         <run_address>0x3768</run_address>
         <size>0x4</size>
         <input_file_ref idref="fl-bf"/>
      </object_component>
      <object_component id="oc-142">
         <name>.text:_outs</name>
         <load_address>0x376c</load_address>
         <run_address>0x376c</run_address>
         <size>0x4</size>
         <input_file_ref idref="fl-bf"/>
      </object_component>
      <object_component id="oc-9a">
         <name>.text:_system_pre_init</name>
         <load_address>0x3770</load_address>
         <run_address>0x3770</run_address>
         <size>0x4</size>
         <input_file_ref idref="fl-e9"/>
      </object_component>
      <object_component id="oc-f0">
         <name>.text:abort:abort</name>
         <load_address>0x3774</load_address>
         <run_address>0x3774</run_address>
         <size>0x4</size>
         <input_file_ref idref="fl-d1"/>
      </object_component>
      <object_component id="oc-218">
         <name>.const:.string:_ctypes_</name>
         <load_address>0x3778</load_address>
         <run_address>0x3778</run_address>
         <size>0x101</size>
         <input_file_ref idref="fl-d5"/>
      </object_component>
      <object_component id="oc-47a">
         <name>.cinit..data.load</name>
         <load_address>0x3880</load_address>
         <run_address>0x3880</run_address>
         <size>0x70</size>
      </object_component>
      <object_component id="oc-478">
         <name>__TI_handler_table</name>
         <load_address>0x38f0</load_address>
         <run_address>0x38f0</run_address>
         <size>0xc</size>
      </object_component>
      <object_component id="oc-47b">
         <name>.cinit..bss.load</name>
         <load_address>0x3900</load_address>
         <run_address>0x3900</run_address>
         <size>0x8</size>
      </object_component>
      <object_component id="oc-479">
         <name>__TI_cinit_table</name>
         <load_address>0x3908</load_address>
         <run_address>0x3908</run_address>
         <size>0x10</size>
      </object_component>
      <object_component id="oc-44c">
         <name>.binit</name>
         <load_address>0x0</load_address>
         <run_address>0x0</run_address>
         <size>0x0</size>
      </object_component>
      <object_component id="oc-132">
         <name>.data</name>
         <load_address>0x200005b8</load_address>
         <run_address>0x200005b8</run_address>
         <size>0x18</size>
         <input_file_ref idref="fl-2"/>
      </object_component>
      <object_component id="oc-12e">
         <name>.data</name>
         <load_address>0x20000600</load_address>
         <run_address>0x20000600</run_address>
         <size>0x4</size>
         <input_file_ref idref="fl-5"/>
      </object_component>
      <object_component id="oc-168">
         <name>.data:$O1$$</name>
         <load_address>0x200005e0</load_address>
         <run_address>0x200005e0</run_address>
         <size>0xc</size>
         <input_file_ref idref="fl-d1"/>
      </object_component>
      <object_component id="oc-13c">
         <name>.data:$O1$$</name>
         <load_address>0x200005ec</load_address>
         <run_address>0x200005ec</run_address>
         <size>0x8</size>
         <input_file_ref idref="fl-d2"/>
      </object_component>
      <object_component id="oc-13f">
         <name>.data:_ftable</name>
         <load_address>0x20000400</load_address>
         <run_address>0x20000400</run_address>
         <size>0xf0</size>
         <input_file_ref idref="fl-d6"/>
      </object_component>
      <object_component id="oc-381">
         <name>.data</name>
         <load_address>0x200005d0</load_address>
         <run_address>0x200005d0</run_address>
         <size>0x10</size>
         <input_file_ref idref="fl-d6"/>
      </object_component>
      <object_component id="oc-3b7">
         <name>.data:$O1$$</name>
         <load_address>0x200005f4</load_address>
         <run_address>0x200005f4</run_address>
         <size>0x8</size>
         <input_file_ref idref="fl-d9"/>
      </object_component>
      <object_component id="oc-351">
         <name>.data:_device</name>
         <load_address>0x200004f0</load_address>
         <run_address>0x200004f0</run_address>
         <size>0x78</size>
         <input_file_ref idref="fl-dd"/>
      </object_component>
      <object_component id="oc-310">
         <name>.data:_stream</name>
         <load_address>0x20000568</load_address>
         <run_address>0x20000568</run_address>
         <size>0x50</size>
         <input_file_ref idref="fl-dd"/>
      </object_component>
      <object_component id="oc-27f">
         <name>.data</name>
         <load_address>0x200005fc</load_address>
         <run_address>0x200005fc</run_address>
         <size>0x4</size>
         <input_file_ref idref="fl-de"/>
      </object_component>
      <object_component id="oc-405">
         <name>.bss:_CIOBUF_</name>
         <uninitialized>true</uninitialized>
         <run_address>0x20000604</run_address>
         <size>0x120</size>
         <input_file_ref idref="fl-f3"/>
      </object_component>
      <object_component id="oc-bf">
         <name>.common:TimerA2Task</name>
         <uninitialized>true</uninitialized>
         <run_address>0x200007cc</run_address>
         <size>0x4</size>
      </object_component>
      <object_component id="oc-c5">
         <name>.common:first_left</name>
         <uninitialized>true</uninitialized>
         <run_address>0x200007d0</run_address>
         <size>0x2</size>
      </object_component>
      <object_component id="oc-c3">
         <name>.common:first_right</name>
         <uninitialized>true</uninitialized>
         <run_address>0x200007d2</run_address>
         <size>0x2</size>
      </object_component>
      <object_component id="oc-c4">
         <name>.common:period_left</name>
         <uninitialized>true</uninitialized>
         <run_address>0x200007d6</run_address>
         <size>0x2</size>
      </object_component>
      <object_component id="oc-c2">
         <name>.common:period_right</name>
         <uninitialized>true</uninitialized>
         <run_address>0x200007d8</run_address>
         <size>0x2</size>
      </object_component>
      <object_component id="oc-c6">
         <name>.common:left_count</name>
         <uninitialized>true</uninitialized>
         <run_address>0x200007d4</run_address>
         <size>0x2</size>
      </object_component>
      <object_component id="oc-3cf">
         <name>.common:__TI_tmpnams</name>
         <uninitialized>true</uninitialized>
         <run_address>0x20000724</run_address>
         <size>0xa0</size>
      </object_component>
      <object_component id="oc-3e0">
         <name>.common:parmbuf</name>
         <uninitialized>true</uninitialized>
         <run_address>0x200007c4</run_address>
         <size>0x8</size>
      </object_component>
      <object_component id="oc-29">
         <name>.sysmem</name>
         <uninitialized>true</uninitialized>
         <run_address>0x20000000</run_address>
         <size>0x10</size>
         <input_file_ref idref="fl-d9"/>
      </object_component>
      <object_component id="oc-47e">
         <name>.sysmem</name>
         <uninitialized>true</uninitialized>
         <run_address>0x20000000</run_address>
         <size>0x0</size>
      </object_component>
      <object_component id="oc-2c">
         <name>.stack</name>
         <uninitialized>true</uninitialized>
         <run_address>0x2000fe00</run_address>
         <size>0x4</size>
         <input_file_ref idref="fl-df"/>
      </object_component>
      <object_component id="oc-47d">
         <name>.stack</name>
         <uninitialized>true</uninitialized>
         <run_address>0x2000fe00</run_address>
         <size>0x0</size>
      </object_component>
      <object_component id="oc-166">
         <name>.debug_info</name>
         <load_address>0x0</load_address>
         <run_address>0x0</run_address>
         <size>0x531</size>
         <input_file_ref idref="fl-2"/>
      </object_component>
      <object_component id="oc-133">
         <name>.debug_info</name>
         <load_address>0x531</load_address>
         <run_address>0x531</run_address>
         <size>0x18d</size>
         <input_file_ref idref="fl-2"/>
      </object_component>
      <object_component id="oc-b4">
         <name>.debug_info</name>
         <load_address>0x6be</load_address>
         <run_address>0x6be</run_address>
         <size>0x2b1</size>
         <input_file_ref idref="fl-2"/>
      </object_component>
      <object_component id="oc-1fa">
         <name>.debug_info</name>
         <load_address>0x96f</load_address>
         <run_address>0x96f</run_address>
         <size>0x37e2</size>
         <input_file_ref idref="fl-2"/>
      </object_component>
      <object_component id="oc-cf">
         <name>.debug_info</name>
         <load_address>0x4151</load_address>
         <run_address>0x4151</run_address>
         <size>0x26b</size>
         <input_file_ref idref="fl-2"/>
      </object_component>
      <object_component id="oc-15c">
         <name>.debug_info</name>
         <load_address>0x43bc</load_address>
         <run_address>0x43bc</run_address>
         <size>0x1055</size>
         <input_file_ref idref="fl-2"/>
      </object_component>
      <object_component id="oc-35">
         <name>.debug_info</name>
         <load_address>0x5411</load_address>
         <run_address>0x5411</run_address>
         <size>0x84</size>
         <input_file_ref idref="fl-2"/>
      </object_component>
      <object_component id="oc-161">
         <name>.debug_info</name>
         <load_address>0x5495</load_address>
         <run_address>0x5495</run_address>
         <size>0x2a4</size>
         <input_file_ref idref="fl-2"/>
      </object_component>
      <object_component id="oc-c8">
         <name>.debug_info</name>
         <load_address>0x5739</load_address>
         <run_address>0x5739</run_address>
         <size>0xbb</size>
         <input_file_ref idref="fl-2"/>
      </object_component>
      <object_component id="oc-c0">
         <name>.debug_info</name>
         <load_address>0x57f4</load_address>
         <run_address>0x57f4</run_address>
         <size>0x709</size>
         <input_file_ref idref="fl-3"/>
      </object_component>
      <object_component id="oc-73">
         <name>.debug_info</name>
         <load_address>0x5efd</load_address>
         <run_address>0x5efd</run_address>
         <size>0xdb0</size>
         <input_file_ref idref="fl-3"/>
      </object_component>
      <object_component id="oc-157">
         <name>.debug_info</name>
         <load_address>0x6cad</load_address>
         <run_address>0x6cad</run_address>
         <size>0x37e2</size>
         <input_file_ref idref="fl-3"/>
      </object_component>
      <object_component id="oc-150">
         <name>.debug_info</name>
         <load_address>0xa48f</load_address>
         <run_address>0xa48f</run_address>
         <size>0x2c</size>
         <input_file_ref idref="fl-3"/>
      </object_component>
      <object_component id="oc-78">
         <name>.debug_info</name>
         <load_address>0xa4bb</load_address>
         <run_address>0xa4bb</run_address>
         <size>0x2d0</size>
         <input_file_ref idref="fl-4"/>
      </object_component>
      <object_component id="oc-27">
         <name>.debug_info</name>
         <load_address>0xa78b</load_address>
         <run_address>0xa78b</run_address>
         <size>0xfc</size>
         <input_file_ref idref="fl-4"/>
      </object_component>
      <object_component id="oc-6d">
         <name>.debug_info</name>
         <load_address>0xa887</load_address>
         <run_address>0xa887</run_address>
         <size>0x1c3</size>
         <input_file_ref idref="fl-4"/>
      </object_component>
      <object_component id="oc-12f">
         <name>.debug_info</name>
         <load_address>0xaa4a</load_address>
         <run_address>0xaa4a</run_address>
         <size>0xf5</size>
         <input_file_ref idref="fl-5"/>
      </object_component>
      <object_component id="oc-ae">
         <name>.debug_info</name>
         <load_address>0xab3f</load_address>
         <run_address>0xab3f</run_address>
         <size>0x267</size>
         <input_file_ref idref="fl-5"/>
      </object_component>
      <object_component id="oc-14f">
         <name>.debug_info</name>
         <load_address>0xada6</load_address>
         <run_address>0xada6</run_address>
         <size>0x3e5</size>
         <input_file_ref idref="fl-bf"/>
      </object_component>
      <object_component id="oc-14b">
         <name>.debug_info</name>
         <load_address>0xb18b</load_address>
         <run_address>0xb18b</run_address>
         <size>0x157</size>
         <input_file_ref idref="fl-bf"/>
      </object_component>
      <object_component id="oc-144">
         <name>.debug_info</name>
         <load_address>0xb2e2</load_address>
         <run_address>0xb2e2</run_address>
         <size>0x166</size>
         <input_file_ref idref="fl-bf"/>
      </object_component>
      <object_component id="oc-ba">
         <name>.debug_info</name>
         <load_address>0xb448</load_address>
         <run_address>0xb448</run_address>
         <size>0x1ac</size>
         <input_file_ref idref="fl-bf"/>
      </object_component>
      <object_component id="oc-1f3">
         <name>.debug_info</name>
         <load_address>0xb5f4</load_address>
         <run_address>0xb5f4</run_address>
         <size>0xb2</size>
         <input_file_ref idref="fl-bf"/>
      </object_component>
      <object_component id="oc-1ca">
         <name>.debug_info</name>
         <load_address>0xb6a6</load_address>
         <run_address>0xb6a6</run_address>
         <size>0x590</size>
         <input_file_ref idref="fl-c0"/>
      </object_component>
      <object_component id="oc-195">
         <name>.debug_info</name>
         <load_address>0xbc36</load_address>
         <run_address>0xbc36</run_address>
         <size>0x21e</size>
         <input_file_ref idref="fl-c0"/>
      </object_component>
      <object_component id="oc-249">
         <name>.debug_info</name>
         <load_address>0xbe54</load_address>
         <run_address>0xbe54</run_address>
         <size>0x1b3</size>
         <input_file_ref idref="fl-c0"/>
      </object_component>
      <object_component id="oc-24f">
         <name>.debug_info</name>
         <load_address>0xc007</load_address>
         <run_address>0xc007</run_address>
         <size>0x21b</size>
         <input_file_ref idref="fl-c0"/>
      </object_component>
      <object_component id="oc-1a0">
         <name>.debug_info</name>
         <load_address>0xc222</load_address>
         <run_address>0xc222</run_address>
         <size>0x3c0</size>
         <input_file_ref idref="fl-c0"/>
      </object_component>
      <object_component id="oc-256">
         <name>.debug_info</name>
         <load_address>0xc5e2</load_address>
         <run_address>0xc5e2</run_address>
         <size>0x30a</size>
         <input_file_ref idref="fl-c0"/>
      </object_component>
      <object_component id="oc-25c">
         <name>.debug_info</name>
         <load_address>0xc8ec</load_address>
         <run_address>0xc8ec</run_address>
         <size>0x215</size>
         <input_file_ref idref="fl-c0"/>
      </object_component>
      <object_component id="oc-1a6">
         <name>.debug_info</name>
         <load_address>0xcb01</load_address>
         <run_address>0xcb01</run_address>
         <size>0x215</size>
         <input_file_ref idref="fl-c0"/>
      </object_component>
      <object_component id="oc-1ac">
         <name>.debug_info</name>
         <load_address>0xcd16</load_address>
         <run_address>0xcd16</run_address>
         <size>0x304</size>
         <input_file_ref idref="fl-c0"/>
      </object_component>
      <object_component id="oc-1b2">
         <name>.debug_info</name>
         <load_address>0xd01a</load_address>
         <run_address>0xd01a</run_address>
         <size>0x4b5</size>
         <input_file_ref idref="fl-c0"/>
      </object_component>
      <object_component id="oc-137">
         <name>.debug_info</name>
         <load_address>0xd4cf</load_address>
         <run_address>0xd4cf</run_address>
         <size>0x5f4</size>
         <input_file_ref idref="fl-c0"/>
      </object_component>
      <object_component id="oc-1cb">
         <name>.debug_info</name>
         <load_address>0xdac3</load_address>
         <run_address>0xdac3</run_address>
         <size>0x86</size>
         <input_file_ref idref="fl-c0"/>
      </object_component>
      <object_component id="oc-28b">
         <name>.debug_info</name>
         <load_address>0xdb49</load_address>
         <run_address>0xdb49</run_address>
         <size>0x39</size>
         <input_file_ref idref="fl-c0"/>
      </object_component>
      <object_component id="oc-2f9">
         <name>.debug_info</name>
         <load_address>0xdb82</load_address>
         <run_address>0xdb82</run_address>
         <size>0xb6</size>
         <input_file_ref idref="fl-c0"/>
      </object_component>
      <object_component id="oc-290">
         <name>.debug_info</name>
         <load_address>0xdc38</load_address>
         <run_address>0xdc38</run_address>
         <size>0x46</size>
         <input_file_ref idref="fl-c0"/>
      </object_component>
      <object_component id="oc-1d0">
         <name>.debug_info</name>
         <load_address>0xdc7e</load_address>
         <run_address>0xdc7e</run_address>
         <size>0x46</size>
         <input_file_ref idref="fl-c0"/>
      </object_component>
      <object_component id="oc-286">
         <name>.debug_info</name>
         <load_address>0xdcc4</load_address>
         <run_address>0xdcc4</run_address>
         <size>0x2c</size>
         <input_file_ref idref="fl-c0"/>
      </object_component>
      <object_component id="oc-2b5">
         <name>.debug_info</name>
         <load_address>0xdcf0</load_address>
         <run_address>0xdcf0</run_address>
         <size>0x383</size>
         <input_file_ref idref="fl-c1"/>
      </object_component>
      <object_component id="oc-1ed">
         <name>.debug_info</name>
         <load_address>0xe073</load_address>
         <run_address>0xe073</run_address>
         <size>0x1ea</size>
         <input_file_ref idref="fl-c1"/>
      </object_component>
      <object_component id="oc-2b3">
         <name>.debug_info</name>
         <load_address>0xe25d</load_address>
         <run_address>0xe25d</run_address>
         <size>0x3fc</size>
         <input_file_ref idref="fl-c2"/>
      </object_component>
      <object_component id="oc-1e4">
         <name>.debug_info</name>
         <load_address>0xe659</load_address>
         <run_address>0xe659</run_address>
         <size>0x2e2</size>
         <input_file_ref idref="fl-c2"/>
      </object_component>
      <object_component id="oc-e7">
         <name>.debug_info</name>
         <load_address>0xe93b</load_address>
         <run_address>0xe93b</run_address>
         <size>0x2c</size>
         <input_file_ref idref="fl-c2"/>
      </object_component>
      <object_component id="oc-30b">
         <name>.debug_info</name>
         <load_address>0xe967</load_address>
         <run_address>0xe967</run_address>
         <size>0x300</size>
         <input_file_ref idref="fl-c3"/>
      </object_component>
      <object_component id="oc-29d">
         <name>.debug_info</name>
         <load_address>0xec67</load_address>
         <run_address>0xec67</run_address>
         <size>0x19c</size>
         <input_file_ref idref="fl-c3"/>
      </object_component>
      <object_component id="oc-346">
         <name>.debug_info</name>
         <load_address>0xee03</load_address>
         <run_address>0xee03</run_address>
         <size>0xbf</size>
         <input_file_ref idref="fl-c3"/>
      </object_component>
      <object_component id="oc-345">
         <name>.debug_info</name>
         <load_address>0xeec2</load_address>
         <run_address>0xeec2</run_address>
         <size>0x374</size>
         <input_file_ref idref="fl-c4"/>
      </object_component>
      <object_component id="oc-308">
         <name>.debug_info</name>
         <load_address>0xf236</load_address>
         <run_address>0xf236</run_address>
         <size>0x20b</size>
         <input_file_ref idref="fl-c4"/>
      </object_component>
      <object_component id="oc-246">
         <name>.debug_info</name>
         <load_address>0xf441</load_address>
         <run_address>0xf441</run_address>
         <size>0x14c</size>
         <input_file_ref idref="fl-c5"/>
      </object_component>
      <object_component id="oc-19d">
         <name>.debug_info</name>
         <load_address>0xf58d</load_address>
         <run_address>0xf58d</run_address>
         <size>0x128</size>
         <input_file_ref idref="fl-c6"/>
      </object_component>
      <object_component id="oc-231">
         <name>.debug_info</name>
         <load_address>0xf6b5</load_address>
         <run_address>0xf6b5</run_address>
         <size>0x12a</size>
         <input_file_ref idref="fl-c6"/>
      </object_component>
      <object_component id="oc-22b">
         <name>.debug_info</name>
         <load_address>0xf7df</load_address>
         <run_address>0xf7df</run_address>
         <size>0x13a</size>
         <input_file_ref idref="fl-c7"/>
      </object_component>
      <object_component id="oc-226">
         <name>.debug_info</name>
         <load_address>0xf919</load_address>
         <run_address>0xf919</run_address>
         <size>0x13a</size>
         <input_file_ref idref="fl-c8"/>
      </object_component>
      <object_component id="oc-236">
         <name>.debug_info</name>
         <load_address>0xfa53</load_address>
         <run_address>0xfa53</run_address>
         <size>0x12e</size>
         <input_file_ref idref="fl-c9"/>
      </object_component>
      <object_component id="oc-240">
         <name>.debug_info</name>
         <load_address>0xfb81</load_address>
         <run_address>0xfb81</run_address>
         <size>0x12c</size>
         <input_file_ref idref="fl-ca"/>
      </object_component>
      <object_component id="oc-3b">
         <name>.debug_info</name>
         <load_address>0xfcad</load_address>
         <run_address>0xfcad</run_address>
         <size>0x119</size>
         <input_file_ref idref="fl-cb"/>
      </object_component>
      <object_component id="oc-97">
         <name>.debug_info</name>
         <load_address>0xfdc6</load_address>
         <run_address>0xfdc6</run_address>
         <size>0x147</size>
         <input_file_ref idref="fl-cc"/>
      </object_component>
      <object_component id="oc-21f">
         <name>.debug_info</name>
         <load_address>0xff0d</load_address>
         <run_address>0xff0d</run_address>
         <size>0x134</size>
         <input_file_ref idref="fl-cd"/>
      </object_component>
      <object_component id="oc-93">
         <name>.debug_info</name>
         <load_address>0x10041</load_address>
         <run_address>0x10041</run_address>
         <size>0x2d4</size>
         <input_file_ref idref="fl-ce"/>
      </object_component>
      <object_component id="oc-48">
         <name>.debug_info</name>
         <load_address>0x10315</load_address>
         <run_address>0x10315</run_address>
         <size>0x1d2</size>
         <input_file_ref idref="fl-ce"/>
      </object_component>
      <object_component id="oc-8e">
         <name>.debug_info</name>
         <load_address>0x104e7</load_address>
         <run_address>0x104e7</run_address>
         <size>0x46</size>
         <input_file_ref idref="fl-ce"/>
      </object_component>
      <object_component id="oc-45">
         <name>.debug_info</name>
         <load_address>0x1052d</load_address>
         <run_address>0x1052d</run_address>
         <size>0x2a8</size>
         <input_file_ref idref="fl-cf"/>
      </object_component>
      <object_component id="oc-20">
         <name>.debug_info</name>
         <load_address>0x107d5</load_address>
         <run_address>0x107d5</run_address>
         <size>0x1ea</size>
         <input_file_ref idref="fl-cf"/>
      </object_component>
      <object_component id="oc-40">
         <name>.debug_info</name>
         <load_address>0x109bf</load_address>
         <run_address>0x109bf</run_address>
         <size>0x46</size>
         <input_file_ref idref="fl-cf"/>
      </object_component>
      <object_component id="oc-86">
         <name>.debug_info</name>
         <load_address>0x10a05</load_address>
         <run_address>0x10a05</run_address>
         <size>0x2c</size>
         <input_file_ref idref="fl-cf"/>
      </object_component>
      <object_component id="oc-84">
         <name>.debug_info</name>
         <load_address>0x10a31</load_address>
         <run_address>0x10a31</run_address>
         <size>0x29e</size>
         <input_file_ref idref="fl-d0"/>
      </object_component>
      <object_component id="oc-1b">
         <name>.debug_info</name>
         <load_address>0x10ccf</load_address>
         <run_address>0x10ccf</run_address>
         <size>0x250</size>
         <input_file_ref idref="fl-d0"/>
      </object_component>
      <object_component id="oc-30">
         <name>.debug_info</name>
         <load_address>0x10f1f</load_address>
         <run_address>0x10f1f</run_address>
         <size>0x60</size>
         <input_file_ref idref="fl-d0"/>
      </object_component>
      <object_component id="oc-e0">
         <name>.debug_info</name>
         <load_address>0x10f7f</load_address>
         <run_address>0x10f7f</run_address>
         <size>0x46</size>
         <input_file_ref idref="fl-d0"/>
      </object_component>
      <object_component id="oc-7f">
         <name>.debug_info</name>
         <load_address>0x10fc5</load_address>
         <run_address>0x10fc5</run_address>
         <size>0x39</size>
         <input_file_ref idref="fl-d0"/>
      </object_component>
      <object_component id="oc-16c">
         <name>.debug_info</name>
         <load_address>0x10ffe</load_address>
         <run_address>0x10ffe</run_address>
         <size>0x3ad</size>
         <input_file_ref idref="fl-d1"/>
      </object_component>
      <object_component id="oc-169">
         <name>.debug_info</name>
         <load_address>0x113ab</load_address>
         <run_address>0x113ab</run_address>
         <size>0x190</size>
         <input_file_ref idref="fl-d1"/>
      </object_component>
      <object_component id="oc-f1">
         <name>.debug_info</name>
         <load_address>0x1153b</load_address>
         <run_address>0x1153b</run_address>
         <size>0x122</size>
         <input_file_ref idref="fl-d1"/>
      </object_component>
      <object_component id="oc-f8">
         <name>.debug_info</name>
         <load_address>0x1165d</load_address>
         <run_address>0x1165d</run_address>
         <size>0x184</size>
         <input_file_ref idref="fl-d1"/>
      </object_component>
      <object_component id="oc-1dd">
         <name>.debug_info</name>
         <load_address>0x117e1</load_address>
         <run_address>0x117e1</run_address>
         <size>0x2c9</size>
         <input_file_ref idref="fl-d2"/>
      </object_component>
      <object_component id="oc-13d">
         <name>.debug_info</name>
         <load_address>0x11aaa</load_address>
         <run_address>0x11aaa</run_address>
         <size>0x11e</size>
         <input_file_ref idref="fl-d2"/>
      </object_component>
      <object_component id="oc-1d6">
         <name>.debug_info</name>
         <load_address>0x11bc8</load_address>
         <run_address>0x11bc8</run_address>
         <size>0x12e</size>
         <input_file_ref idref="fl-d2"/>
      </object_component>
      <object_component id="oc-2d4">
         <name>.debug_info</name>
         <load_address>0x11cf6</load_address>
         <run_address>0x11cf6</run_address>
         <size>0x29c</size>
         <input_file_ref idref="fl-d3"/>
      </object_component>
      <object_component id="oc-23a">
         <name>.debug_info</name>
         <load_address>0x11f92</load_address>
         <run_address>0x11f92</run_address>
         <size>0x1da</size>
         <input_file_ref idref="fl-d3"/>
      </object_component>
      <object_component id="oc-21c">
         <name>.debug_info</name>
         <load_address>0x1216c</load_address>
         <run_address>0x1216c</run_address>
         <size>0x2b9</size>
         <input_file_ref idref="fl-d4"/>
      </object_component>
      <object_component id="oc-192">
         <name>.debug_info</name>
         <load_address>0x12425</load_address>
         <run_address>0x12425</run_address>
         <size>0x17c</size>
         <input_file_ref idref="fl-d4"/>
      </object_component>
      <object_component id="oc-2c6">
         <name>.debug_info</name>
         <load_address>0x125a1</load_address>
         <run_address>0x125a1</run_address>
         <size>0xf9</size>
         <input_file_ref idref="fl-d5"/>
      </object_component>
      <object_component id="oc-219">
         <name>.debug_info</name>
         <load_address>0x1269a</load_address>
         <run_address>0x1269a</run_address>
         <size>0x105</size>
         <input_file_ref idref="fl-d5"/>
      </object_component>
      <object_component id="oc-1e1">
         <name>.debug_info</name>
         <load_address>0x1279f</load_address>
         <run_address>0x1279f</run_address>
         <size>0x144</size>
         <input_file_ref idref="fl-d6"/>
      </object_component>
      <object_component id="oc-140">
         <name>.debug_info</name>
         <load_address>0x128e3</load_address>
         <run_address>0x128e3</run_address>
         <size>0x102</size>
         <input_file_ref idref="fl-d6"/>
      </object_component>
      <object_component id="oc-382">
         <name>.debug_info</name>
         <load_address>0x129e5</load_address>
         <run_address>0x129e5</run_address>
         <size>0x18f</size>
         <input_file_ref idref="fl-d6"/>
      </object_component>
      <object_component id="oc-277">
         <name>.debug_info</name>
         <load_address>0x12b74</load_address>
         <run_address>0x12b74</run_address>
         <size>0x2a7</size>
         <input_file_ref idref="fl-d7"/>
      </object_component>
      <object_component id="oc-1b9">
         <name>.debug_info</name>
         <load_address>0x12e1b</load_address>
         <run_address>0x12e1b</run_address>
         <size>0x1b8</size>
         <input_file_ref idref="fl-d7"/>
      </object_component>
      <object_component id="oc-30d">
         <name>.debug_info</name>
         <load_address>0x12fd3</load_address>
         <run_address>0x12fd3</run_address>
         <size>0x2a5</size>
         <input_file_ref idref="fl-d8"/>
      </object_component>
      <object_component id="oc-2a4">
         <name>.debug_info</name>
         <load_address>0x13278</load_address>
         <run_address>0x13278</run_address>
         <size>0x25d</size>
         <input_file_ref idref="fl-d8"/>
      </object_component>
      <object_component id="oc-7b">
         <name>.debug_info</name>
         <load_address>0x134d5</load_address>
         <run_address>0x134d5</run_address>
         <size>0x3b2</size>
         <input_file_ref idref="fl-d9"/>
      </object_component>
      <object_component id="oc-2a">
         <name>.debug_info</name>
         <load_address>0x13887</load_address>
         <run_address>0x13887</run_address>
         <size>0x10c</size>
         <input_file_ref idref="fl-d9"/>
      </object_component>
      <object_component id="oc-3b8">
         <name>.debug_info</name>
         <load_address>0x13993</load_address>
         <run_address>0x13993</run_address>
         <size>0x13f</size>
         <input_file_ref idref="fl-d9"/>
      </object_component>
      <object_component id="oc-339">
         <name>.debug_info</name>
         <load_address>0x13ad2</load_address>
         <run_address>0x13ad2</run_address>
         <size>0x168</size>
         <input_file_ref idref="fl-d9"/>
      </object_component>
      <object_component id="oc-368">
         <name>.debug_info</name>
         <load_address>0x13c3a</load_address>
         <run_address>0x13c3a</run_address>
         <size>0x18e</size>
         <input_file_ref idref="fl-d9"/>
      </object_component>
      <object_component id="oc-36e">
         <name>.debug_info</name>
         <load_address>0x13dc8</load_address>
         <run_address>0x13dc8</run_address>
         <size>0x19f</size>
         <input_file_ref idref="fl-d9"/>
      </object_component>
      <object_component id="oc-333">
         <name>.debug_info</name>
         <load_address>0x13f67</load_address>
         <run_address>0x13f67</run_address>
         <size>0x203</size>
         <input_file_ref idref="fl-d9"/>
      </object_component>
      <object_component id="oc-3bf">
         <name>.debug_info</name>
         <load_address>0x1416a</load_address>
         <run_address>0x1416a</run_address>
         <size>0x1db</size>
         <input_file_ref idref="fl-d9"/>
      </object_component>
      <object_component id="oc-377">
         <name>.debug_info</name>
         <load_address>0x14345</load_address>
         <run_address>0x14345</run_address>
         <size>0x299</size>
         <input_file_ref idref="fl-d9"/>
      </object_component>
      <object_component id="oc-db">
         <name>.debug_info</name>
         <load_address>0x145de</load_address>
         <run_address>0x145de</run_address>
         <size>0xb2</size>
         <input_file_ref idref="fl-d9"/>
      </object_component>
      <object_component id="oc-d6">
         <name>.debug_info</name>
         <load_address>0x14690</load_address>
         <run_address>0x14690</run_address>
         <size>0x2c</size>
         <input_file_ref idref="fl-d9"/>
      </object_component>
      <object_component id="oc-2eb">
         <name>.debug_info</name>
         <load_address>0x146bc</load_address>
         <run_address>0x146bc</run_address>
         <size>0x29a</size>
         <input_file_ref idref="fl-da"/>
      </object_component>
      <object_component id="oc-272">
         <name>.debug_info</name>
         <load_address>0x14956</load_address>
         <run_address>0x14956</run_address>
         <size>0x262</size>
         <input_file_ref idref="fl-da"/>
      </object_component>
      <object_component id="oc-217">
         <name>.debug_info</name>
         <load_address>0x14bb8</load_address>
         <run_address>0x14bb8</run_address>
         <size>0x28f</size>
         <input_file_ref idref="fl-db"/>
      </object_component>
      <object_component id="oc-18b">
         <name>.debug_info</name>
         <load_address>0x14e47</load_address>
         <run_address>0x14e47</run_address>
         <size>0x245</size>
         <input_file_ref idref="fl-db"/>
      </object_component>
      <object_component id="oc-314">
         <name>.debug_info</name>
         <load_address>0x1508c</load_address>
         <run_address>0x1508c</run_address>
         <size>0x397</size>
         <input_file_ref idref="fl-dc"/>
      </object_component>
      <object_component id="oc-2ad">
         <name>.debug_info</name>
         <load_address>0x15423</load_address>
         <run_address>0x15423</run_address>
         <size>0x18f</size>
         <input_file_ref idref="fl-dc"/>
      </object_component>
      <object_component id="oc-359">
         <name>.debug_info</name>
         <load_address>0x155b2</load_address>
         <run_address>0x155b2</run_address>
         <size>0x120</size>
         <input_file_ref idref="fl-dc"/>
      </object_component>
      <object_component id="oc-35e">
         <name>.debug_info</name>
         <load_address>0x156d2</load_address>
         <run_address>0x156d2</run_address>
         <size>0x2c</size>
         <input_file_ref idref="fl-dc"/>
      </object_component>
      <object_component id="oc-356">
         <name>.debug_info</name>
         <load_address>0x156fe</load_address>
         <run_address>0x156fe</run_address>
         <size>0x337</size>
         <input_file_ref idref="fl-dd"/>
      </object_component>
      <object_component id="oc-352">
         <name>.debug_info</name>
         <load_address>0x15a35</load_address>
         <run_address>0x15a35</run_address>
         <size>0x109</size>
         <input_file_ref idref="fl-dd"/>
      </object_component>
      <object_component id="oc-311">
         <name>.debug_info</name>
         <load_address>0x15b3e</load_address>
         <run_address>0x15b3e</run_address>
         <size>0x109</size>
         <input_file_ref idref="fl-dd"/>
      </object_component>
      <object_component id="oc-283">
         <name>.debug_info</name>
         <load_address>0x15c47</load_address>
         <run_address>0x15c47</run_address>
         <size>0x289</size>
         <input_file_ref idref="fl-de"/>
      </object_component>
      <object_component id="oc-280">
         <name>.debug_info</name>
         <load_address>0x15ed0</load_address>
         <run_address>0x15ed0</run_address>
         <size>0x10e</size>
         <input_file_ref idref="fl-de"/>
      </object_component>
      <object_component id="oc-1c7">
         <name>.debug_info</name>
         <load_address>0x15fde</load_address>
         <run_address>0x15fde</run_address>
         <size>0x14e</size>
         <input_file_ref idref="fl-de"/>
      </object_component>
      <object_component id="oc-2d">
         <name>.debug_info</name>
         <load_address>0x1612c</load_address>
         <run_address>0x1612c</run_address>
         <size>0x10b</size>
         <input_file_ref idref="fl-df"/>
      </object_component>
      <object_component id="oc-59">
         <name>.debug_info</name>
         <load_address>0x16237</load_address>
         <run_address>0x16237</run_address>
         <size>0x1a9</size>
         <input_file_ref idref="fl-df"/>
      </object_component>
      <object_component id="oc-2dc">
         <name>.debug_info</name>
         <load_address>0x163e0</load_address>
         <run_address>0x163e0</run_address>
         <size>0x295</size>
         <input_file_ref idref="fl-e0"/>
      </object_component>
      <object_component id="oc-265">
         <name>.debug_info</name>
         <load_address>0x16675</load_address>
         <run_address>0x16675</run_address>
         <size>0x195</size>
         <input_file_ref idref="fl-e0"/>
      </object_component>
      <object_component id="oc-320">
         <name>.debug_info</name>
         <load_address>0x1680a</load_address>
         <run_address>0x1680a</run_address>
         <size>0x39</size>
         <input_file_ref idref="fl-e0"/>
      </object_component>
      <object_component id="oc-2dd">
         <name>.debug_info</name>
         <load_address>0x16843</load_address>
         <run_address>0x16843</run_address>
         <size>0x2c</size>
         <input_file_ref idref="fl-e0"/>
      </object_component>
      <object_component id="oc-2e9">
         <name>.debug_info</name>
         <load_address>0x1686f</load_address>
         <run_address>0x1686f</run_address>
         <size>0x2f8</size>
         <input_file_ref idref="fl-e1"/>
      </object_component>
      <object_component id="oc-26b">
         <name>.debug_info</name>
         <load_address>0x16b67</load_address>
         <run_address>0x16b67</run_address>
         <size>0x225</size>
         <input_file_ref idref="fl-e1"/>
      </object_component>
      <object_component id="oc-2e3">
         <name>.debug_info</name>
         <load_address>0x16d8c</load_address>
         <run_address>0x16d8c</run_address>
         <size>0x161</size>
         <input_file_ref idref="fl-e2"/>
      </object_component>
      <object_component id="oc-27e">
         <name>.debug_info</name>
         <load_address>0x16eed</load_address>
         <run_address>0x16eed</run_address>
         <size>0x28f</size>
         <input_file_ref idref="fl-e3"/>
      </object_component>
      <object_component id="oc-1c1">
         <name>.debug_info</name>
         <load_address>0x1717c</load_address>
         <run_address>0x1717c</run_address>
         <size>0x15a</size>
         <input_file_ref idref="fl-e3"/>
      </object_component>
      <object_component id="oc-2ee">
         <name>.debug_info</name>
         <load_address>0x172d6</load_address>
         <run_address>0x172d6</run_address>
         <size>0x46</size>
         <input_file_ref idref="fl-e3"/>
      </object_component>
      <object_component id="oc-279">
         <name>.debug_info</name>
         <load_address>0x1731c</load_address>
         <run_address>0x1731c</run_address>
         <size>0x39</size>
         <input_file_ref idref="fl-e3"/>
      </object_component>
      <object_component id="oc-30f">
         <name>.debug_info</name>
         <load_address>0x17355</load_address>
         <run_address>0x17355</run_address>
         <size>0x347</size>
         <input_file_ref idref="fl-e4"/>
      </object_component>
      <object_component id="oc-2aa">
         <name>.debug_info</name>
         <load_address>0x1769c</load_address>
         <run_address>0x1769c</run_address>
         <size>0x18a</size>
         <input_file_ref idref="fl-e4"/>
      </object_component>
      <object_component id="oc-341">
         <name>.debug_info</name>
         <load_address>0x17826</load_address>
         <run_address>0x17826</run_address>
         <size>0x176</size>
         <input_file_ref idref="fl-e5"/>
      </object_component>
      <object_component id="oc-331">
         <name>.debug_info</name>
         <load_address>0x1799c</load_address>
         <run_address>0x1799c</run_address>
         <size>0x324</size>
         <input_file_ref idref="fl-e6"/>
      </object_component>
      <object_component id="oc-2ff">
         <name>.debug_info</name>
         <load_address>0x17cc0</load_address>
         <run_address>0x17cc0</run_address>
[...]
      </symbol>
      <symbol id="sm-408">
         <name>__aeabi_dmul</name>
         <value>0x247d</value>
         <object_component_ref idref="oc-224"/>
      </symbol>
      <symbol id="sm-412">
         <name>__aeabi_d2iz</name>
         <value>0x329d</value>
         <object_component_ref idref="oc-233"/>
      </symbol>
      <symbol id="sm-41c">
         <name>__aeabi_i2d</name>
         <value>0x3571</value>
         <object_component_ref idref="oc-23e"/>
      </symbol>
      <symbol id="sm-437">
         <name>memcpy</name>
         <value>0x27eb</value>
         <object_component_ref idref="oc-3a"/>
      </symbol>
      <symbol id="sm-438">
         <name>__aeabi_memcpy</name>
         <value>0x27eb</value>
         <object_component_ref idref="oc-3a"/>
      </symbol>
      <symbol id="sm-439">
         <name>__aeabi_memcpy8</name>
         <value>0x27eb</value>
         <object_component_ref idref="oc-3a"/>
      </symbol>
      <symbol id="sm-43a">
         <name>__aeabi_memcpy4</name>
         <value>0x27eb</value>
         <object_component_ref idref="oc-3a"/>
      </symbol>
      <symbol id="sm-449">
         <name>__aeabi_memset</name>
         <value>0x2ab7</value>
         <object_component_ref idref="oc-94"/>
      </symbol>
      <symbol id="sm-44a">
         <name>memset</name>
         <value>0x2abd</value>
         <object_component_ref idref="oc-94"/>
      </symbol>
      <symbol id="sm-44b">
         <name>__aeabi_memset8</name>
         <value>0x2ab7</value>
         <object_component_ref idref="oc-94"/>
      </symbol>
      <symbol id="sm-44c">
         <name>__aeabi_memset4</name>
         <value>0x2ab7</value>
         <object_component_ref idref="oc-94"/>
      </symbol>
      <symbol id="sm-44d">
         <name>__aeabi_memclr8</name>
         <value>0x2ab5</value>
         <object_component_ref idref="oc-94"/>
      </symbol>
      <symbol id="sm-44e">
         <name>__aeabi_memclr4</name>
         <value>0x2ab5</value>
         <object_component_ref idref="oc-94"/>
      </symbol>
      <symbol id="sm-44f">
         <name>__aeabi_memclr</name>
         <value>0x2ab5</value>
         <object_component_ref idref="oc-94"/>
      </symbol>
      <symbol id="sm-45c">
         <name>__aeabi_uldivmod</name>
         <value>0x2887</value>
         <object_component_ref idref="oc-21d"/>
      </symbol>
      <symbol id="sm-470">
         <name>__TI_zero_init_nomemset</name>
         <value>0x3665</value>
         <object_component_ref idref="oc-46"/>
      </symbol>
      <symbol id="sm-487">
         <name>__TI_decompress_none</name>
         <value>0x373b</value>
         <object_component_ref idref="oc-1d"/>
      </symbol>
      <symbol id="sm-4aa">
         <name>__TI_decompress_lzss</name>
         <value>0x2d59</value>
         <object_component_ref idref="oc-17"/>
      </symbol>
      <symbol id="sm-4d0">
         <name>C$$EXIT</name>
         <value>0x3775</value>
         <object_component_ref idref="oc-f0"/>
      </symbol>
      <symbol id="sm-4d1">
         <name>abort</name>
         <value>0x3775</value>
         <object_component_ref idref="oc-f0"/>
      </symbol>
      <symbol id="sm-4d2">
         <name>__TI_dtors_ptr</name>
         <value>0x200005e4</value>
         <object_component_ref idref="oc-168"/>
      </symbol>
      <symbol id="sm-4d3">
         <name>__TI_cleanup_ptr</name>
         <value>0x200005e0</value>
         <object_component_ref idref="oc-168"/>
      </symbol>
      <symbol id="sm-4d4">
         <name>__TI_enable_exit_profile_output</name>
         <value>0x200005e8</value>
         <object_component_ref idref="oc-168"/>
      </symbol>
      <symbol id="sm-4d5">
         <name>exit</name>
         <value>0x3255</value>
         <object_component_ref idref="oc-f6"/>
      </symbol>
      <symbol id="sm-4ea">
         <name>_nop</name>
         <value>0xb33</value>
         <object_component_ref idref="oc-1d5"/>
      </symbol>
      <symbol id="sm-4eb">
         <name>_lock</name>
         <value>0x200005ec</value>
         <object_component_ref idref="oc-13c"/>
      </symbol>
      <symbol id="sm-4ec">
         <name>_unlock</name>
         <value>0x200005f0</value>
         <object_component_ref idref="oc-13c"/>
      </symbol>
      <symbol id="sm-4fb">
         <name>__TI_ltoa</name>
         <value>0x3117</value>
         <object_component_ref idref="oc-238"/>
      </symbol>
      <symbol id="sm-511">
         <name>atoi</name>
         <value>0x3209</value>
         <object_component_ref idref="oc-18e"/>
      </symbol>
      <symbol id="sm-51c">
         <name>_ctypes_</name>
         <value>0x3778</value>
         <object_component_ref idref="oc-218"/>
      </symbol>
      <symbol id="sm-531">
         <name>__TI_tmpnams</name>
         <value>0x20000724</value>
      </symbol>
      <symbol id="sm-532">
         <name>__aeabi_stdout</name>
         <value>0x200005d8</value>
         <object_component_ref idref="oc-381"/>
      </symbol>
      <symbol id="sm-533">
         <name>__aeabi_stderr</name>
         <value>0x200005dc</value>
         <object_component_ref idref="oc-381"/>
      </symbol>
      <symbol id="sm-534">
         <name>__aeabi_stdin</name>
         <value>0x200005d4</value>
         <object_component_ref idref="oc-381"/>
      </symbol>
      <symbol id="sm-535">
         <name>_ftable</name>
         <value>0x20000400</value>
         <object_component_ref idref="oc-13f"/>
      </symbol>
      <symbol id="sm-536">
         <name>__TI_ft_end</name>
         <value>0x200005d0</value>
         <object_component_ref idref="oc-381"/>
      </symbol>
      <symbol id="sm-546">
         <name>memccpy</name>
         <value>0x369d</value>
         <object_component_ref idref="oc-1b7"/>
      </symbol>
      <symbol id="sm-556">
         <name>memchr</name>
         <value>0x3645</value>
         <object_component_ref idref="oc-2a0"/>
      </symbol>
      <symbol id="sm-5df">
         <name>_sys_memory</name>
         <value>0x20000000</value>
         <object_component_ref idref="oc-29"/>
      </symbol>
      <symbol id="sm-5e0">
         <name>free</name>
         <value>0x2579</value>
         <object_component_ref idref="oc-332"/>
      </symbol>
      <symbol id="sm-5e1">
         <name>memalign</name>
         <value>0x237d</value>
         <object_component_ref idref="oc-374"/>
      </symbol>
      <symbol id="sm-5e2">
         <name>malloc</name>
         <value>0x3761</value>
         <object_component_ref idref="oc-338"/>
      </symbol>
      <symbol id="sm-5e3">
         <name>aligned_alloc</name>
         <value>0x237d</value>
         <object_component_ref idref="oc-374"/>
      </symbol>
      <symbol id="sm-5f3">
         <name>strchr</name>
         <value>0x36eb</value>
         <object_component_ref idref="oc-26f"/>
      </symbol>
      <symbol id="sm-601">
         <name>strlen</name>
         <value>0x3715</value>
         <object_component_ref idref="oc-188"/>
      </symbol>
      <symbol id="sm-61b">
         <name>write</name>
         <value>0x361d</value>
         <object_component_ref idref="oc-2ac"/>
      </symbol>
      <symbol id="sm-62c">
         <name>_stream</name>
         <value>0x20000568</value>
         <object_component_ref idref="oc-310"/>
      </symbol>
      <symbol id="sm-62d">
         <name>_device</name>
         <value>0x200004f0</value>
         <object_component_ref idref="oc-351"/>
      </symbol>
      <symbol id="sm-643">
         <name>__aeabi_errno_addr</name>
         <value>0x3759</value>
         <object_component_ref idref="oc-1c3"/>
      </symbol>
      <symbol id="sm-644">
         <name>errno</name>
         <value>0x200005fc</value>
         <object_component_ref idref="oc-27f"/>
      </symbol>
      <symbol id="sm-657">
         <name>__stack</name>
         <value>0x2000fe00</value>
         <object_component_ref idref="oc-2c"/>
      </symbol>
      <symbol id="sm-658">
         <name>_c_int00_noargs</name>
         <value>0x350d</value>
         <object_component_ref idref="oc-58"/>
      </symbol>
      <symbol id="sm-678">
         <name>frexpl</name>
         <value>0x2e29</value>
         <object_component_ref idref="oc-263"/>
      </symbol>
      <symbol id="sm-679">
         <name>frexp</name>
         <value>0x2e29</value>
         <object_component_ref idref="oc-263"/>
      </symbol>
      <symbol id="sm-696">
         <name>scalbn</name>
         <value>0x226d</value>
         <object_component_ref idref="oc-269"/>
      </symbol>
      <symbol id="sm-697">
         <name>scalbnl</name>
         <value>0x226d</value>
         <object_component_ref idref="oc-269"/>
      </symbol>
      <symbol id="sm-698">
         <name>ldexpl</name>
         <value>0x226d</value>
         <object_component_ref idref="oc-269"/>
      </symbol>
      <symbol id="sm-699">
         <name>ldexp</name>
         <value>0x226d</value>
         <object_component_ref idref="oc-269"/>
      </symbol>
      <symbol id="sm-6a3">
         <name>copysign</name>
         <value>0x36b9</value>
         <object_component_ref idref="oc-2e2"/>
      </symbol>
      <symbol id="sm-6a4">
         <name>copysignl</name>
         <value>0x36b9</value>
         <object_component_ref idref="oc-2e2"/>
      </symbol>
      <symbol id="sm-6bd">
         <name>wcslen</name>
         <value>0x3729</value>
         <object_component_ref idref="oc-1bd"/>
      </symbol>
      <symbol id="sm-6cd">
         <name>__TI_doflush</name>
         <value>0x31bd</value>
         <object_component_ref idref="oc-2a6"/>
      </symbol>
      <symbol id="sm-6dd">
         <name>__TI_cleanup</name>
         <value>0x34a5</value>
         <object_component_ref idref="oc-33e"/>
      </symbol>
      <symbol id="sm-6ef">
         <name>fseek</name>
         <value>0x2e8d</value>
         <object_component_ref idref="oc-2fe"/>
      </symbol>
      <symbol id="sm-6f9">
         <name>__aeabi_idiv0</name>
         <value>0x1dbf</value>
         <object_component_ref idref="oc-2c9"/>
      </symbol>
      <symbol id="sm-6fa">
         <name>__aeabi_ldiv0</name>
         <value>0x1dbf</value>
         <object_component_ref idref="oc-2c9"/>
      </symbol>
      <symbol id="sm-722">
         <name>__TI_auto_init_nobinit_nopinit</name>
         <value>0x336d</value>
         <object_component_ref idref="oc-fc"/>
      </symbol>
      <symbol id="sm-72c">
         <name>_system_pre_init</name>
         <value>0x3771</value>
         <object_component_ref idref="oc-9a"/>
      </symbol>
      <symbol id="sm-73f">
         <name>HOSTclose</name>
         <value>0x32e5</value>
         <object_component_ref idref="oc-38d"/>
      </symbol>
      <symbol id="sm-750">
         <name>HOSTlseek</name>
         <value>0x2cf1</value>
         <object_component_ref idref="oc-39f"/>
      </symbol>
      <symbol id="sm-762">
         <name>parmbuf</name>
         <value>0x200007c4</value>
      </symbol>
      <symbol id="sm-763">
         <name>HOSTopen</name>
         <value>0x2f55</value>
         <object_component_ref idref="oc-387"/>
      </symbol>
      <symbol id="sm-774">
         <name>HOSTread</name>
         <value>0x3011</value>
         <object_component_ref idref="oc-393"/>
      </symbol>
      <symbol id="sm-785">
         <name>HOSTrename</name>
         <value>0x2c85</value>
         <object_component_ref idref="oc-3ab"/>
      </symbol>
      <symbol id="sm-796">
         <name>HOSTunlink</name>
         <value>0x3329</value>
         <object_component_ref idref="oc-3a5"/>
      </symbol>
      <symbol id="sm-7a7">
         <name>HOSTwrite</name>
         <value>0x3069</value>
         <object_component_ref idref="oc-399"/>
      </symbol>
      <symbol id="sm-7cb">
         <name>__TI_readmsg</name>
         <value>0x34d9</value>
         <object_component_ref idref="oc-3da"/>
      </symbol>
      <symbol id="sm-7cc">
         <name>C$$IO$$</name>
         <value>0x3463</value>
         <object_component_ref idref="oc-3d4"/>
      </symbol>
      <symbol id="sm-7cd">
         <name>__CIOBUF_</name>
         <value>0x20000604</value>
         <object_component_ref idref="oc-405"/>
      </symbol>
      <symbol id="sm-7ce">
         <name>__TI_writemsg</name>
         <value>0x3435</value>
         <object_component_ref idref="oc-3d4"/>
      </symbol>
      <symbol id="sm-7df">
         <name>lseek</name>
         <value>0x35f5</value>
         <object_component_ref idref="oc-32a"/>
      </symbol>
      <symbol id="sm-7f4">
         <name>__TI_closefile</name>
         <value>0x2b31</value>
         <object_component_ref idref="oc-37b"/>
      </symbol>
      <symbol id="sm-817">
         <name>finddevice</name>
         <value>0x3541</value>
         <object_component_ref idref="oc-423"/>
      </symbol>
      <symbol id="sm-818">
         <name>getdevice</name>
         <value>0x33b1</value>
         <object_component_ref idref="oc-3fb"/>
      </symbol>
      <symbol id="sm-827">
         <name>strcmp</name>
         <value>0x36d3</value>
         <object_component_ref idref="oc-43a"/>
      </symbol>
      <symbol id="sm-835">
         <name>strcpy</name>
         <value>0x3701</value>
         <object_component_ref idref="oc-3ee"/>
      </symbol>
      <symbol id="sm-845">
         <name>strncpy</name>
         <value>0x346d</value>
         <object_component_ref idref="oc-41d"/>
      </symbol>
      <symbol id="sm-85a">
         <name>close</name>
         <value>0x2fb5</value>
         <object_component_ref idref="oc-3c3"/>
      </symbol>
      <symbol id="sm-86a">
         <name>unlink</name>
         <value>0x35a1</value>
         <object_component_ref idref="oc-3c9"/>
      </symbol>
      <symbol id="sm-86b">
         <name>__TI_static_base__</name>
         <value>0x0</value>
      </symbol>
      <symbol id="sm-86e">
         <name>__mpu_init</name>
         <value>0x0</value>
      </symbol>
      <symbol id="sm-86f">
         <name>_system_post_cinit</name>
         <value>0x0</value>
      </symbol>
      <symbol id="sm-870">
         <name>NMI_Handler</name>
         <value>0x3755</value>
      </symbol>
      <symbol id="sm-871">
         <name>HardFault_Handler</name>
         <value>0x3755</value>
      </symbol>
      <symbol id="sm-872">
         <name>MemManage_Handler</name>
         <value>0x3755</value>
      </symbol>
      <symbol id="sm-873">
         <name>BusFault_Handler</name>
         <value>0x3755</value>
      </symbol>
      <symbol id="sm-874">
         <name>UsageFault_Handler</name>
         <value>0x3755</value>
      </symbol>
      <symbol id="sm-875">
         <name>SVC_Handler</name>
         <value>0x3755</value>
      </symbol>
      <symbol id="sm-876">
         <name>DebugMon_Handler</name>
         <value>0x3755</value>
      </symbol>
      <symbol id="sm-877">
         <name>PendSV_Handler</name>
         <value>0x3755</value>
      </symbol>
      <symbol id="sm-878">
         <name>SysTick_Handler</name>
         <value>0x3755</value>
      </symbol>
      <symbol id="sm-879">
         <name>PSS_IRQHandler</name>
         <value>0x3755</value>
      </symbol>
      <symbol id="sm-87a">
         <name>CS_IRQHandler</name>
         <value>0x3755</value>
      </symbol>
      <symbol id="sm-87b">
         <name>PCM_IRQHandler</name>
         <value>0x3755</value>
      </symbol>
      <symbol id="sm-87c">
         <name>WDT_A_IRQHandler</name>
         <value>0x3755</value>
      </symbol>
      <symbol id="sm-87d">
         <name>FPU_IRQHandler</name>
         <value>0x3755</value>
      </symbol>
      <symbol id="sm-87e">
         <name>FLCTL_IRQHandler</name>
         <value>0x3755</value>
      </symbol>
      <symbol id="sm-87f">
         <name>COMP_E0_IRQHandler</name>
         <value>0x3755</value>
      </symbol>
      <symbol id="sm-880">
         <name>COMP_E1_IRQHandler</name>
         <value>0x3755</value>
      </symbol>
      <symbol id="sm-881">
         <name>TA0_0_IRQHandler</name>
         <value>0x3755</value>
      </symbol>
      <symbol id="sm-882">
         <name>TA0_N_IRQHandler</name>
         <value>0x3755</value>
      </symbol>
      <symbol id="sm-883">
         <name>TA1_0_IRQHandler</name>
         <value>0x3755</value>
      </symbol>
      <symbol id="sm-884">
         <name>TA1_N_IRQHandler</name>
         <value>0x3755</value>
      </symbol>
      <symbol id="sm-885">
         <name>TA2_0_IRQHandler</name>
         <value>0x10c1</value>
      </symbol>
      <symbol id="sm-886">
         <name>TA2_N_IRQHandler</name>
         <value>0x3755</value>
      </symbol>
      <symbol id="sm-887">
         <name>TA3_0_IRQHandler</name>
         <value>0x1175</value>
      </symbol>
      <symbol id="sm-888">
         <name>TA3_N_IRQHandler</name>
         <value>0x1197</value>
      </symbol>
      <symbol id="sm-889">
         <name>EUSCIA0_IRQHandler</name>
         <value>0x3755</value>
      </symbol>
      <symbol id="sm-88a">
         <name>EUSCIA1_IRQHandler</name>
         <value>0x3755</value>
      </symbol>
      <symbol id="sm-88b">
         <name>EUSCIA2_IRQHandler</name>
         <value>0x3755</value>
      </symbol>
      <symbol id="sm-88c">
         <name>EUSCIA3_IRQHandler</name>
         <value>0x3755</value>
      </symbol>
      <symbol id="sm-88d">
         <name>EUSCIB0_IRQHandler</name>
         <value>0x3755</value>
      </symbol>
      <symbol id="sm-88e">
         <name>EUSCIB1_IRQHandler</name>
         <value>0x3755</value>
      </symbol>
      <symbol id="sm-88f">
         <name>EUSCIB2_IRQHandler</name>
         <value>0x3755</value>
      </symbol>
      <symbol id="sm-890">
         <name>EUSCIB3_IRQHandler</name>
         <value>0x3755</value>
      </symbol>
      <symbol id="sm-891">
         <name>ADC14_IRQHandler</name>
         <value>0x3755</value>
      </symbol>
      <symbol id="sm-892">
         <name>T32_INT1_IRQHandler</name>
         <value>0x3755</value>
      </symbol>
      <symbol id="sm-893">
         <name>T32_INT2_IRQHandler</name>
         <value>0x3755</value>
      </symbol>
      <symbol id="sm-894">
         <name>T32_INTC_IRQHandler</name>
         <value>0x3755</value>
      </symbol>
      <symbol id="sm-895">
         <name>AES256_IRQHandler</name>
         <value>0x3755</value>
      </symbol>
      <symbol id="sm-896">
         <name>RTC_C_IRQHandler</name>
         <value>0x3755</value>
      </symbol>
      <symbol id="sm-897">
         <name>DMA_ERR_IRQHandler</name>
         <value>0x3755</value>
      </symbol>
      <symbol id="sm-898">
         <name>DMA_INT3_IRQHandler</name>
         <value>0x3755</value>
      </symbol>
      <symbol id="sm-899">
         <name>DMA_INT2_IRQHandler</name>
         <value>0x3755</value>
      </symbol>
      <symbol id="sm-89a">
         <name>DMA_INT1_IRQHandler</name>
         <value>0x3755</value>
      </symbol>
      <symbol id="sm-89b">
         <name>DMA_INT0_IRQHandler</name>
         <value>0x3755</value>
      </symbol>
      <symbol id="sm-89c">
         <name>PORT1_IRQHandler</name>
         <value>0x3755</value>
      </symbol>
      <symbol id="sm-89d">
         <name>PORT2_IRQHandler</name>
         <value>0x3755</value>
      </symbol>
      <symbol id="sm-89e">
         <name>PORT3_IRQHandler</name>
         <value>0x3755</value>
      </symbol>
      <symbol id="sm-89f">
         <name>PORT4_IRQHandler</name>
         <value>0x3755</value>
      </symbol>
      <symbol id="sm-8a0">
         <name>PORT5_IRQHandler</name>
         <value>0x3755</value>
      </symbol>
      <symbol id="sm-8a1">
         <name>PORT6_IRQHandler</name>
         <value>0x3755</value>
      </symbol>
      <symbol id="sm-8a2">
         <name>remove</name>
         <value>0x35a1</value>
      </symbol>
   </symbol_table>
   <title>Link successful</title>
</link_info>
