******************************************************************************
                  TI ARM Linker PC v20.2.6                     
******************************************************************************
>> Linked Wed Nov 15 14:04:37 2023

OUTPUT FILE NAME:   <LineTracerProject.out>
ENTRY POINT SYMBOL: "_c_int00_noargs"  address: 0000350d


MEMORY CONFIGURATION

         name            origin    length      used     unused   attr    fill
----------------------  --------  ---------  --------  --------  ----  --------
  MAIN                  00000000   00040000  00003911  0003c6ef  R  X
  INFO                  00200000   00004000  00000000  00004000  R  X
  SRAM_CODE             01000000   00010000  000009da  0000f626  RW X
  SRAM_DATA             20000000   00010000  000009da  0000f626  RW  


SEGMENT ALLOCATION MAP

run origin  load origin   length   init length attrs members
----------  ----------- ---------- ----------- ----- -------
00000000    00000000    00003918   00003918    r-x
  00000000    00000000    000000e4   000000e4    r-- .intvecs
  000000e4    000000e4    00003694   00003694    r-x .text
  00003778    00003778    00000101   00000101    r-- .const
  00003880    00003880    00000098   00000098    r-- .cinit
20000000    20000000    000007da   00000000    rw-
  20000000    20000000    00000400   00000000    rw- .sysmem
  20000400    20000400    00000204   00000000    rw- .data
  20000604    20000604    000001d6   00000000    rw- .bss
2000fe00    2000fe00    00000200   00000000    rw-
  2000fe00    2000fe00    00000200   00000000    rw- .stack


SECTION ALLOCATION MAP

 output                                  attributes/
section   page    origin      length       input sections
--------  ----  ----------  ----------   ----------------
.intvecs   0    00000000    000000e4     
                  00000000    000000e4     startup_msp432p401r_ccs.obj (.intvecs:retain)

.text      0    000000e4    00003694     
                  000000e4    00000a4e     rtsv7M4_T_le_v4SPD16_eabi.lib : _printfi.c.obj (.text:__TI_printfi)
                  00000b32    00000002                                   : _lock.c.obj (.text:_nop)
                  00000b34    00000780     main.obj (.text)
                  000012b4    00000334     system_msp432p401r.obj (.text)
                  000015e8    00000270     rtsv7M4_T_le_v4SPD16_eabi.lib : _printfi.c.obj (.text:_pconv_a)
                  00001858    000001e0     Clock.obj (.text)
                  00001a38    000001d0     rtsv7M4_T_le_v4SPD16_eabi.lib : _printfi.c.obj (.text:_pconv_g)
                  00001c08    000001b6                                   : fd_add_t2.asm.obj (.text)
                  00001dbe    00000002                                   : div0.asm.obj (.text)
                  00001dc0    0000013c                                   : _printfi.c.obj (.text:_pconv_e)
                  00001efc    00000136                                   : fd_div_t2.asm.obj (.text)
                  00002032    00000002     --HOLE-- [fill = 0]
                  00002034    00000124                                   : _printfi.c.obj (.text:fcvt)
                  00002158    00000114                                   : fputs.c.obj (.text:fputs)
                  0000226c    00000110                                   : s_scalbn.c.obj (.text:scalbn)
                  0000237c    00000100                                   : memory.c.obj (.text:aligned_alloc)
                  0000247c    000000fc                                   : fd_mul_t2.asm.obj (.text)
                  00002578    000000e4                                   : memory.c.obj (.text:free)
                  0000265c    000000dc                                   : setvbuf.c.obj (.text:setvbuf)
                  00002738    000000b1                                   : _printfi.c.obj (.text:_ltostr)
                  000027e9    00000001     --HOLE-- [fill = 0]
                  000027ea    0000009c                                   : memcpy_t2.asm.obj (.text)
                  00002886    00000096                                   : ull_div_t2.asm.obj (.text)
                  0000291c    0000008c                                   : fputc.c.obj (.text:fputc)
                  000029a8    00000086                                   : fd_cmp_t2.asm.obj (.text:__aeabi_cdcmple)
                  00002a2e    00000086                                   : fd_cmp_t2.asm.obj (.text:__aeabi_cdrcmple)
                  00002ab4    0000007a                                   : memset_t2.asm.obj (.text)
                  00002b2e    00000002     --HOLE-- [fill = 0]
                  00002b30    00000074                                   : fclose.c.obj (.text:__TI_closefile)
                  00002ba4    00000070                                   : memory.c.obj (.text:split)
                  00002c14    0000006e                                   : _printfi.c.obj (.text:_mcpy)
                  00002c82    00000002     --HOLE-- [fill = 0]
                  00002c84    0000006c                                   : hostrename.c.obj (.text:HOSTrename)
                  00002cf0    00000068                                   : hostlseek.c.obj (.text:HOSTlseek)
                  00002d58    00000068                                   : copy_decompress_lzss.c.obj (.text:decompress:lzss:__TI_decompress_lzss)
                  00002dc0    00000068                                   : printf.c.obj (.text:printf)
                  00002e28    00000064                                   : s_frexp.c.obj (.text:frexp)
                  00002e8c    00000064                                   : fseek.c.obj (.text:fseek)
                  00002ef0    00000062                                   : _io_perm.c.obj (.text:__TI_wrt_ok)
                  00002f52    00000002     --HOLE-- [fill = 0]
                  00002f54    00000060                                   : hostopen.c.obj (.text:HOSTopen)
                  00002fb4    0000005c                                   : close.c.obj (.text:close)
                  00003010    00000058                                   : hostread.c.obj (.text:HOSTread)
                  00003068    00000058                                   : hostwrite.c.obj (.text:HOSTwrite)
                  000030c0    00000056                                   : _printfi.c.obj (.text:_pconv_f)
                  00003116    00000054                                   : _ltoa.c.obj (.text:__TI_ltoa)
                  0000316a    00000052                                   : _printfi.c.obj (.text:_ecpy)
                  000031bc    0000004c                                   : fflush.c.obj (.text:__TI_doflush)
                  00003208    0000004c                                   : atoi.c.obj (.text:atoi)
                  00003254    00000048                                   : exit.c.obj (.text:exit)
                  0000329c    00000048                                   : fd_toi_t2.asm.obj (.text)
                  000032e4    00000044                                   : hostclose.c.obj (.text:HOSTclose)
                  00003328    00000044                                   : hostunlink.c.obj (.text:HOSTunlink)
                  0000336c    00000044                                   : autoinit.c.obj (.text:__TI_auto_init_nobinit_nopinit:__TI_auto_init_nobinit_nopinit)
                  000033b0    00000044                                   : getdevice.c.obj (.text:getdevice)
                  000033f4    0000003e                                   : _printfi.c.obj (.text:_fcpy)
                  00003432    00000002     --HOLE-- [fill = 0]
                  00003434    00000038                                   : trgmsg.c.obj (.text:__TI_writemsg)
                  0000346c    00000036                                   : strncpy.c.obj (.text:strncpy)
                  000034a2    00000002     --HOLE-- [fill = 0]
                  000034a4    00000034                                   : fopen.c.obj (.text:__TI_cleanup)
                  000034d8    00000034                                   : trgmsg.c.obj (.text:__TI_readmsg)
                  0000350c    00000034                                   : boot_cortex_m.c.obj (.text:_c_int00_noargs:_c_int00_noargs)
                  00003540    00000030                                   : getdevice.c.obj (.text:finddevice)
                  00003570    0000002e                                   : i_tofd_t2.asm.obj (.text)
                  0000359e    00000002     --HOLE-- [fill = 0]
                  000035a0    0000002c                                   : unlink.c.obj (.text:unlink)
                  000035cc    00000028                                   : memory.c.obj (.text:free_list_insert)
                  000035f4    00000028                                   : lseek.c.obj (.text:lseek)
                  0000361c    00000028                                   : write.c.obj (.text:write)
                  00003644    00000020                                   : memchr.c.obj (.text:memchr)
                  00003664    0000001c                                   : copy_zero_init.c.obj (.text:decompress:ZI:__TI_zero_init_nomemset:__TI_zero_init_nomemset)
                  00003680    0000001c                                   : memory.c.obj (.text:free_list_remove)
                  0000369c    0000001c                                   : memccpy.c.obj (.text:memccpy)
                  000036b8    0000001a                                   : s_copysign.c.obj (.text:copysign)
                  000036d2    00000018                                   : strcmp.c.obj (.text:strcmp)
                  000036ea    00000016                                   : strchr.c.obj (.text:strchr)
                  00003700    00000014                                   : strcpy.c.obj (.text:strcpy)
                  00003714    00000014                                   : strlen.c.obj (.text:strlen)
                  00003728    00000012                                   : wcslen.c.obj (.text:wcslen)
                  0000373a    0000000e                                   : copy_decompress_none.c.obj (.text:decompress:none:__TI_decompress_none)
                  00003748    0000000e     startup_msp432p401r_ccs.obj (.text)
                  00003756    00000002     --HOLE-- [fill = 0]
                  00003758    00000008     rtsv7M4_T_le_v4SPD16_eabi.lib : errno.c.obj (.text:__aeabi_errno_addr)
                  00003760    00000008                                   : memory.c.obj (.text:malloc)
                  00003768    00000004                                   : printf.c.obj (.text:_outc)
                  0000376c    00000004                                   : printf.c.obj (.text:_outs)
                  00003770    00000004                                   : pre_init.c.obj (.text:_system_pre_init)
                  00003774    00000004                                   : exit.c.obj (.text:abort:abort)

.const     0    00003778    00000101     
                  00003778    00000101     rtsv7M4_T_le_v4SPD16_eabi.lib : ctype.c.obj (.const:.string:_ctypes_)

.cinit     0    00003880    00000098     
                  00003880    00000070     (.cinit..data.load) [load image, compression = lzss]
                  000038f0    0000000c     (__TI_handler_table)
                  000038fc    00000004     --HOLE-- [fill = 0]
                  00003900    00000008     (.cinit..bss.load) [load image, compression = zero_init]
                  00003908    00000010     (__TI_cinit_table)

.init_array 
*          0    00000000    00000000     UNINITIALIZED

.binit     0    00000000    00000000     

.sysmem    0    20000000    00000400     UNINITIALIZED
                  20000000    00000010     rtsv7M4_T_le_v4SPD16_eabi.lib : memory.c.obj (.sysmem)
                  20000010    000003f0     --HOLE--

.data      0    20000400    00000204     UNINITIALIZED
                  20000400    000000f0     rtsv7M4_T_le_v4SPD16_eabi.lib : defs.c.obj (.data:_ftable)
                  200004f0    00000078                                   : host_device.c.obj (.data:_device)
                  20000568    00000050                                   : host_device.c.obj (.data:_stream)
                  200005b8    00000018     Clock.obj (.data)
                  200005d0    00000010     rtsv7M4_T_le_v4SPD16_eabi.lib : defs.c.obj (.data)
                  200005e0    0000000c                                   : exit.c.obj (.data:$O1$$)
                  200005ec    00000008                                   : _lock.c.obj (.data:$O1$$)
                  200005f4    00000008                                   : memory.c.obj (.data:$O1$$)
                  200005fc    00000004                                   : errno.c.obj (.data)
                  20000600    00000004     system_msp432p401r.obj (.data)

.bss       0    20000604    000001d6     UNINITIALIZED
                  20000604    00000120     rtsv7M4_T_le_v4SPD16_eabi.lib : trgmsg.c.obj (.bss:_CIOBUF_)
                  20000724    000000a0     (.common:__TI_tmpnams)
                  200007c4    00000008     (.common:parmbuf)
                  200007cc    00000004     (.common:TimerA2Task)
                  200007d0    00000002     (.common:first_left)
                  200007d2    00000002     (.common:first_right)
                  200007d4    00000002     (.common:left_count)
                  200007d6    00000002     (.common:period_left)
                  200007d8    00000002     (.common:period_right)

.stack     0    2000fe00    00000200     UNINITIALIZED
                  2000fe00    00000004     rtsv7M4_T_le_v4SPD16_eabi.lib : boot_cortex_m.c.obj (.stack)
                  2000fe04    000001fc     --HOLE--

__llvm_prf_cnts 
*          0    20000000    00000000     UNINITIALIZED

MODULE SUMMARY

       Module                        code    ro data   rw data
       ------                        ----    -------   -------
    .\
       main.obj                      1920    0         28     
       system_msp432p401r.obj        820     0         8      
       Clock.obj                     480     0         48     
       startup_msp432p401r_ccs.obj   14      228       0      
    +--+-----------------------------+-------+---------+---------+
       Total:                        3234    228       84     
                                                              
    C:\Users\dongyon\ti\ccs1200\ccs\tools\compiler\ti-cgt-arm_20.2.6.LTS\lib\rtsv7M4_T_le_v4SPD16_eabi.lib
       _printfi.c.obj                4851    0         0      
       defs.c.obj                    0       0         832    
       memory.c.obj                  672     0         16     
       trgmsg.c.obj                  108     0         576    
       fd_add_t2.asm.obj             438     0         0      
       host_device.c.obj             0       0         400    
       fd_div_t2.asm.obj             310     0         0      
       fputs.c.obj                   276     0         0      
       s_scalbn.c.obj                272     0         0      
       fd_cmp_t2.asm.obj             268     0         0      
       ctype.c.obj                   0       257       0      
       fd_mul_t2.asm.obj             252     0         0      
       setvbuf.c.obj                 220     0         0      
       memcpy_t2.asm.obj             156     0         0      
       ull_div_t2.asm.obj            150     0         0      
       fputc.c.obj                   140     0         0      
       memset_t2.asm.obj             122     0         0      
       fclose.c.obj                  116     0         0      
       getdevice.c.obj               116     0         0      
       hostopen.c.obj                96      0         16     
       printf.c.obj                  112     0         0      
       hostrename.c.obj              108     0         0      
       copy_decompress_lzss.c.obj    104     0         0      
       hostlseek.c.obj               104     0         0      
       exit.c.obj                    76      0         24     
       fseek.c.obj                   100     0         0      
       s_frexp.c.obj                 100     0         0      
       _io_perm.c.obj                98      0         0      
       close.c.obj                   92      0         0      
       hostread.c.obj                88      0         0      
       hostwrite.c.obj               88      0         0      
       _ltoa.c.obj                   84      0         0      
       atoi.c.obj                    76      0         0      
       fflush.c.obj                  76      0         0      
       fd_toi_t2.asm.obj             72      0         0      
       autoinit.c.obj                68      0         0      
       hostclose.c.obj               68      0         0      
       hostunlink.c.obj              68      0         0      
       strncpy.c.obj                 54      0         0      
       boot_cortex_m.c.obj           52      0         0      
       fopen.c.obj                   52      0         0      
       i_tofd_t2.asm.obj             46      0         0      
       unlink.c.obj                  44      0         0      
       lseek.c.obj                   40      0         0      
       write.c.obj                   40      0         0      
       memchr.c.obj                  32      0         0      
       copy_zero_init.c.obj          28      0         0      
       memccpy.c.obj                 28      0         0      
       s_copysign.c.obj              26      0         0      
       strcmp.c.obj                  24      0         0      
       strchr.c.obj                  22      0         0      
       strcpy.c.obj                  20      0         0      
       strlen.c.obj                  20      0         0      
       _lock.c.obj                   2       0         16     
       wcslen.c.obj                  18      0         0      
       errno.c.obj                   8       0         8      
       copy_decompress_none.c.obj    14      0         0      
       pre_init.c.obj                4       0         0      
       div0.asm.obj                  2       0         0      
    +--+-----------------------------+-------+---------+---------+
       Total:                        10721   257       1888   
                                                              
       Heap:                         0       0         2048   
       Stack:                        0       0         1024   
       Linker Generated:             0       148       0      
    +--+-----------------------------+-------+---------+---------+
       Grand Total:                  13955   633       5044   


LINKER GENERATED COPY TABLES

__TI_cinit_table @ 00003908 records: 2, size/record: 8, table size: 16
	.data: load addr=00003880, load size=00000070 bytes, run addr=20000400, run size=00000204 bytes, compression=lzss
	.bss: load addr=00003900, load size=00000008 bytes, run addr=20000604, run size=000001d6 bytes, compression=zero_init


LINKER GENERATED HANDLER TABLE

__TI_handler_table @ 000038f0 records: 3, size/record: 4, table size: 12
	index: 0, handler: __TI_decompress_lzss
	index: 1, handler: __TI_decompress_none
	index: 2, handler: __TI_zero_init


GLOBAL SYMBOLS: SORTED ALPHABETICALLY BY Name 

address   name                           
-------   ----                           
00003755  ADC14_IRQHandler               
00003755  AES256_IRQHandler              
00003755  BusFault_Handler               
00003775  C$$EXIT                        
00003463  C$$IO$$                        
00003755  COMP_E0_IRQHandler             
00003755  COMP_E1_IRQHandler             
200005c0  CPMwait                        
00003755  CS_IRQHandler                  
200005b8  ClockFrequency                 
000019ad  Clock_Delay1ms                 
00001983  Clock_Delay1us                 
0000196f  Clock_GetFreq                  
00001859  Clock_Init48MHz                
200005cc  Crystalstable                  
00003755  DMA_ERR_IRQHandler             
00003755  DMA_INT0_IRQHandler            
00003755  DMA_INT1_IRQHandler            
00003755  DMA_INT2_IRQHandler            
00003755  DMA_INT3_IRQHandler            
00003755  DebugMon_Handler               
00003755  Default_Handler                
00003755  EUSCIA0_IRQHandler             
00003755  EUSCIA1_IRQHandler             
00003755  EUSCIA2_IRQHandler             
00003755  EUSCIA3_IRQHandler             
00003755  EUSCIB0_IRQHandler             
00003755  EUSCIB1_IRQHandler             
00003755  EUSCIB2_IRQHandler             
00003755  EUSCIB3_IRQHandler             
00003755  FLCTL_IRQHandler               
00003755  FPU_IRQHandler                 
000032e5  HOSTclose                      
00002cf1  HOSTlseek                      
00002f55  HOSTopen                       
00003011  HOSTread                       
00002c85  HOSTrename                     
00003329  HOSTunlink                     
00003069  HOSTwrite                      
00003755  HardFault_Handler              
200005c8  IFlags                         
00000c7d  IRSensorBasic                  
00000cf7  IRSensorCenter                 
00003755  MemManage_Handler              
00003755  NMI_Handler                    
00003755  PCM_IRQHandler                 
00003755  PORT1_IRQHandler               
00003755  PORT2_IRQHandler               
00003755  PORT3_IRQHandler               
00003755  PORT4_IRQHandler               
00003755  PORT5_IRQHandler               
00003755  PORT6_IRQHandler               
00003755  PSS_IRQHandler                 
00003755  PendSV_Handler                 
200005c4  Postwait                       
200005bc  Prewait                        
00003755  RTC_C_IRQHandler               
00003749  Reset_Handler                  
00003755  SVC_Handler                    
00003755  SysTick_Handler                
20000600  SystemCoreClock                
000012b5  SystemCoreClockUpdate          
0000152d  SystemInit                     
00003755  T32_INT1_IRQHandler            
00003755  T32_INT2_IRQHandler            
00003755  T32_INTC_IRQHandler            
00003755  TA0_0_IRQHandler               
00003755  TA0_N_IRQHandler               
00003755  TA1_0_IRQHandler               
00003755  TA1_N_IRQHandler               
000010c1  TA2_0_IRQHandler               
000010c1  TA2_0_IRQHandler               
00003755  TA2_N_IRQHandler               
00001175  TA3_0_IRQHandler               
00001175  TA3_0_IRQHandler               
00001197  TA3_N_IRQHandler               
00001197  TA3_N_IRQHandler               
200007cc  TimerA2Task                    
0000106d  TimerA2_Init                   
00003755  UsageFault_Handler             
4000480c  WDTCTL_SYM                     
00003755  WDT_A_IRQHandler               
20000604  __CIOBUF_                      
20010000  __STACK_END                    
00000200  __STACK_SIZE                   
00000400  __SYSMEM_SIZE                  
00003908  __TI_CINIT_Base                
00003918  __TI_CINIT_Limit               
000038f0  __TI_Handler_Table_Base        
000038fc  __TI_Handler_Table_Limit       
0000336d  __TI_auto_init_nobinit_nopinit 
000034a5  __TI_cleanup                   
200005e0  __TI_cleanup_ptr               
00002b31  __TI_closefile                 
00002d59  __TI_decompress_lzss           
0000373b  __TI_decompress_none           
000031bd  __TI_doflush                   
200005e4  __TI_dtors_ptr                 
200005e8  __TI_enable_exit_profile_output
200005d0  __TI_ft_end                    
00003117  __TI_ltoa                      
ffffffff  __TI_pprof_out_hndl            
000000e5  __TI_printfi                   
ffffffff  __TI_prof_data_size            
ffffffff  __TI_prof_data_start           
000034d9  __TI_readmsg                   
00000000  __TI_static_base__             
20000724  __TI_tmpnams                   
00003435  __TI_writemsg                  
00002ef1  __TI_wrt_ok                    
00003665  __TI_zero_init_nomemset        
000029a9  __aeabi_cdcmpeq                
000029a9  __aeabi_cdcmple                
00002a2f  __aeabi_cdrcmple               
0000329d  __aeabi_d2iz                   
00001c13  __aeabi_dadd                   
00001efd  __aeabi_ddiv                   
0000247d  __aeabi_dmul                   
00001c09  __aeabi_dsub                   
00003759  __aeabi_errno_addr             
00003571  __aeabi_i2d                    
00001dbf  __aeabi_idiv0                  
00001dbf  __aeabi_ldiv0                  
00002ab5  __aeabi_memclr                 
00002ab5  __aeabi_memclr4                
00002ab5  __aeabi_memclr8                
000027eb  __aeabi_memcpy                 
000027eb  __aeabi_memcpy4                
000027eb  __aeabi_memcpy8                
00002ab7  __aeabi_memset                 
00002ab7  __aeabi_memset4                
00002ab7  __aeabi_memset8                
200005dc  __aeabi_stderr                 
200005d4  __aeabi_stdin                  
200005d8  __aeabi_stdout                 
00002887  __aeabi_uldivmod               
ffffffff  __binit__                      
ffffffff  __c_args__                     
UNDEFED   __mpu_init                     
2000fe00  __stack                        
20000000  __start___llvm_prf_cnts        
20000000  __stop___llvm_prf_cnts         
0000350d  _c_int00_noargs                
00003778  _ctypes_                       
200004f0  _device                        
20000400  _ftable                        
200005ec  _lock                          
00000b33  _nop                           
20000568  _stream                        
20000000  _sys_memory                    
UNDEFED   _system_post_cinit             
00003771  _system_pre_init               
200005f0  _unlock                        
00003775  abort                          
0000237d  aligned_alloc                  
00003209  atoi                           
ffffffff  binit                          
00002fb5  close                          
000036b9  copysign                       
000036b9  copysignl                      
00001975  delay                          
200005fc  errno                          
00003255  exit                           
00003541  finddevice                     
200007d0  first_left                     
200007d2  first_right                    
0000291d  fputc                          
00002159  fputs                          
00002579  free                           
00002e29  frexp                          
00002e29  frexpl                         
00002e8d  fseek                          
000011c1  get_left_rpm                   
000011cd  get_right_rpm                  
000033b1  getdevice                      
00000000  interruptVectors               
0000226d  ldexp                          
0000226d  ldexpl                         
00000bd9  led_init                       
00001049  left_backward                  
200007d4  left_count                     
0000103d  left_forward                   
000035f5  lseek                          
000011e5  main                           
00003761  malloc                         
0000237d  memalign                       
0000369d  memccpy                        
00003645  memchr                         
000027eb  memcpy                         
00002abd  memset                         
00000e61  motorFoward                    
00000f51  motorFowardLine                
00000dd9  motor_init                     
0000100d  move                           
200007c4  parmbuf                        
200007d6  period_left                    
200007d8  period_right                   
00002dc1  printf                         
0000291d  putc                           
00000d73  pwm_init34                     
000035a1  remove                         
00001061  right_backward                 
00001055  right_forward                  
0000226d  scalbn                         
0000226d  scalbnl                        
00000ec9  sensorOut                      
00000b35  sensor_init                    
0000265d  setvbuf                        
000036eb  strchr                         
000036d3  strcmp                         
00003701  strcpy                         
00003715  strlen                         
0000346d  strncpy                        
00000ba5  switch_init                    
00000c2d  systick_init                   
00000c3d  systick_wait1ms                
00000c55  systick_wait1s                 
000010d5  task                           
000010f5  timer_A3_capture_init          
00000c21  turn_off_led                   
00000c03  turn_on_led                    
000035a1  unlink                         
00003729  wcslen                         
0000361d  write                          


GLOBAL SYMBOLS: SORTED BY Symbol Address 

address   name                           
-------   ----                           
00000000  __TI_static_base__             
00000000  interruptVectors               
000000e5  __TI_printfi                   
00000200  __STACK_SIZE                   
00000400  __SYSMEM_SIZE                  
00000b33  _nop                           
00000b35  sensor_init                    
00000ba5  switch_init                    
00000bd9  led_init                       
00000c03  turn_on_led                    
00000c21  turn_off_led                   
00000c2d  systick_init                   
00000c3d  systick_wait1ms                
00000c55  systick_wait1s                 
00000c7d  IRSensorBasic                  
00000cf7  IRSensorCenter                 
00000d73  pwm_init34                     
00000dd9  motor_init                     
00000e61  motorFoward                    
00000ec9  sensorOut                      
00000f51  motorFowardLine                
0000100d  move                           
0000103d  left_forward                   
00001049  left_backward                  
00001055  right_forward                  
00001061  right_backward                 
0000106d  TimerA2_Init                   
000010c1  TA2_0_IRQHandler               
000010c1  TA2_0_IRQHandler               
000010d5  task                           
000010f5  timer_A3_capture_init          
00001175  TA3_0_IRQHandler               
00001175  TA3_0_IRQHandler               
00001197  TA3_N_IRQHandler               
00001197  TA3_N_IRQHandler               
000011c1  get_left_rpm                   
000011cd  get_right_rpm                  
000011e5  main                           
000012b5  SystemCoreClockUpdate          
0000152d  SystemInit                     
00001859  Clock_Init48MHz                
0000196f  Clock_GetFreq                  
00001975  delay                          
00001983  Clock_Delay1us                 
000019ad  Clock_Delay1ms                 
00001c09  __aeabi_dsub                   
00001c13  __aeabi_dadd                   
00001dbf  __aeabi_idiv0                  
00001dbf  __aeabi_ldiv0                  
00001efd  __aeabi_ddiv                   
00002159  fputs                          
0000226d  ldexp                          
0000226d  ldexpl                         
0000226d  scalbn                         
0000226d  scalbnl                        
0000237d  aligned_alloc                  
0000237d  memalign                       
0000247d  __aeabi_dmul                   
00002579  free                           
0000265d  setvbuf                        
000027eb  __aeabi_memcpy                 
000027eb  __aeabi_memcpy4                
000027eb  __aeabi_memcpy8                
000027eb  memcpy                         
00002887  __aeabi_uldivmod               
0000291d  fputc                          
0000291d  putc                           
000029a9  __aeabi_cdcmpeq                
000029a9  __aeabi_cdcmple                
00002a2f  __aeabi_cdrcmple               
00002ab5  __aeabi_memclr                 
00002ab5  __aeabi_memclr4                
00002ab5  __aeabi_memclr8                
00002ab7  __aeabi_memset                 
00002ab7  __aeabi_memset4                
00002ab7  __aeabi_memset8                
00002abd  memset                         
00002b31  __TI_closefile                 
00002c85  HOSTrename                     
00002cf1  HOSTlseek                      
00002d59  __TI_decompress_lzss           
00002dc1  printf                         
00002e29  frexp                          
00002e29  frexpl                         
00002e8d  fseek                          
00002ef1  __TI_wrt_ok                    
00002f55  HOSTopen                       
00002fb5  close                          
00003011  HOSTread                       
00003069  HOSTwrite                      
00003117  __TI_ltoa                      
000031bd  __TI_doflush                   
00003209  atoi                           
00003255  exit                           
0000329d  __aeabi_d2iz                   
000032e5  HOSTclose                      
00003329  HOSTunlink                     
0000336d  __TI_auto_init_nobinit_nopinit 
000033b1  getdevice                      
00003435  __TI_writemsg                  
00003463  C$$IO$$                        
0000346d  strncpy                        
000034a5  __TI_cleanup                   
000034d9  __TI_readmsg                   
0000350d  _c_int00_noargs                
00003541  finddevice                     
00003571  __aeabi_i2d                    
000035a1  remove                         
000035a1  unlink                         
000035f5  lseek                          
0000361d  write                          
00003645  memchr                         
00003665  __TI_zero_init_nomemset        
0000369d  memccpy                        
000036b9  copysign                       
000036b9  copysignl                      
000036d3  strcmp                         
000036eb  strchr                         
00003701  strcpy                         
00003715  strlen                         
00003729  wcslen                         
0000373b  __TI_decompress_none           
00003749  Reset_Handler                  
00003755  ADC14_IRQHandler               
00003755  AES256_IRQHandler              
00003755  BusFault_Handler               
00003755  COMP_E0_IRQHandler             
00003755  COMP_E1_IRQHandler             
00003755  CS_IRQHandler                  
00003755  DMA_ERR_IRQHandler             
00003755  DMA_INT0_IRQHandler            
00003755  DMA_INT1_IRQHandler            
00003755  DMA_INT2_IRQHandler            
00003755  DMA_INT3_IRQHandler            
00003755  DebugMon_Handler               
00003755  Default_Handler                
00003755  EUSCIA0_IRQHandler             
00003755  EUSCIA1_IRQHandler             
00003755  EUSCIA2_IRQHandler             
00003755  EUSCIA3_IRQHandler             
00003755  EUSCIB0_IRQHandler             
00003755  EUSCIB1_IRQHandler             
00003755  EUSCIB2_IRQHandler             
00003755  EUSCIB3_IRQHandler             
00003755  FLCTL_IRQHandler               
00003755  FPU_IRQHandler                 
00003755  HardFault_Handler              
00003755  MemManage_Handler              
00003755  NMI_Handler                    
00003755  PCM_IRQHandler                 
00003755  PORT1_IRQHandler               
00003755  PORT2_IRQHandler               
00003755  PORT3_IRQHandler               
00003755  PORT4_IRQHandler               
00003755  PORT5_IRQHandler               
00003755  PORT6_IRQHandler               
00003755  PSS_IRQHandler                 
00003755  PendSV_Handler                 
00003755  RTC_C_IRQHandler               
00003755  SVC_Handler                    
00003755  SysTick_Handler                
00003755  T32_INT1_IRQHandler            
00003755  T32_INT2_IRQHandler            
00003755  T32_INTC_IRQHandler            
00003755  TA0_0_IRQHandler               
00003755  TA0_N_IRQHandler               
00003755  TA1_0_IRQHandler               
00003755  TA1_N_IRQHandler               
00003755  TA2_N_IRQHandler               
00003755  UsageFault_Handler             
00003755  WDT_A_IRQHandler               
00003759  __aeabi_errno_addr             
00003761  malloc                         
00003771  _system_pre_init               
00003775  C$$EXIT                        
00003775  abort                          
00003778  _ctypes_                       
000038f0  __TI_Handler_Table_Base        
000038fc  __TI_Handler_Table_Limit       
00003908  __TI_CINIT_Base                
00003918  __TI_CINIT_Limit               
20000000  __start___llvm_prf_cnts        
20000000  __stop___llvm_prf_cnts         
20000000  _sys_memory                    
20000400  _ftable                        
200004f0  _device                        
20000568  _stream                        
200005b8  ClockFrequency                 
200005bc  Prewait                        
200005c0  CPMwait                        
200005c4  Postwait                       
200005c8  IFlags                         
200005cc  Crystalstable                  
200005d0  __TI_ft_end                    
200005d4  __aeabi_stdin                  
200005d8  __aeabi_stdout                 
200005dc  __aeabi_stderr                 
200005e0  __TI_cleanup_ptr               
200005e4  __TI_dtors_ptr                 
200005e8  __TI_enable_exit_profile_output
200005ec  _lock                          
200005f0  _unlock                        
200005fc  errno                          
20000600  SystemCoreClock                
20000604  __CIOBUF_                      
20000724  __TI_tmpnams                   
200007c4  parmbuf                        
200007cc  TimerA2Task                    
200007d0  first_left                     
200007d2  first_right                    
200007d4  left_count                     
200007d6  period_left                    
200007d8  period_right                   
2000fe00  __stack                        
20010000  __STACK_END                    
4000480c  WDTCTL_SYM                     
ffffffff  __TI_pprof_out_hndl            
ffffffff  __TI_prof_data_size            
ffffffff  __TI_prof_data_start           
ffffffff  __binit__                      
ffffffff  __c_args__                     
ffffffff  binit                          
UNDEFED   __mpu_init                     
UNDEFED   _system_post_cinit             

[224 symbols]
